Component: ARM Compiler 5.06 update 6 (build 750) Tool: armlink [4d35ed]

==============================================================================

Section Cross References

    main.o(i.Check_Clock_Mode_Activity) refers to key.o(i.KEY_Scan) for KEY_Scan
    main.o(i.Check_Clock_Mode_Activity) refers to printf8.o(i.__0printf$8) for __2printf
    main.o(i.Check_Clock_Mode_Activity) refers to main.o(i.Exit_Clock_Mode) for Exit_Clock_Mode
    main.o(i.Check_Clock_Mode_Activity) refers to hwjs.o(.data) for hw_jsbz
    main.o(i.Display_SmartMaster_Title) refers to tftlcd.o(i.LCD_ShowString) for LCD_ShowString
    main.o(i.Display_SmartMaster_Title) refers to tftlcd.o(.data) for BACK_COLOR
    main.o(i.Exit_Clock_Mode) refers to printf8.o(i.__0printf$8) for __2printf
    main.o(i.Exit_Clock_Mode) refers to dht11.o(i.DHT11_Read_Data) for DHT11_Read_Data
    main.o(i.Exit_Clock_Mode) refers to lsens.o(i.Lsens_Get_Val) for Lsens_Get_Val
    main.o(i.Exit_Clock_Mode) refers to main.o(i.Show_Sensor_Info) for Show_Sensor_Info
    main.o(i.Exit_Clock_Mode) refers to main.o(i.Show_Help_Page) for Show_Help_Page
    main.o(i.Exit_Clock_Mode) refers to main.o(i.Show_BT_Info) for Show_BT_Info
    main.o(i.Exit_Clock_Mode) refers to main.o(.data) for clock_mode_active
    main.o(i.HC05_Role_Show) refers to hc05.o(i.HC05_Get_Role) for HC05_Get_Role
    main.o(i.HC05_Role_Show) refers to tftlcd.o(i.LCD_ShowString) for LCD_ShowString
    main.o(i.HC05_Sta_Show) refers to tftlcd.o(i.LCD_ShowString) for LCD_ShowString
    main.o(i.Init_Clock_Display) refers to tftlcd.o(i.LCD_Clear) for LCD_Clear
    main.o(i.Init_Clock_Display) refers to tftlcd.o(i.LCD_ShowString) for LCD_ShowString
    main.o(i.Init_Clock_Display) refers to main.o(i.draw_circle) for draw_circle
    main.o(i.Init_Clock_Display) refers to main.o(i.draw_dotline) for draw_dotline
    main.o(i.Init_Clock_Display) refers to printf8.o(i.__0printf$8) for __2printf
    main.o(i.Init_Clock_Display) refers to tftlcd.o(.data) for FRONT_COLOR
    main.o(i.Init_Clock_Display) refers to main.o(.data) for clock_mode_active
    main.o(i.Init_Sensor_Info_Layout) refers to tftlcd.o(i.LCD_Clear) for LCD_Clear
    main.o(i.Init_Sensor_Info_Layout) refers to main.o(i.Display_SmartMaster_Title) for Display_SmartMaster_Title
    main.o(i.Init_Sensor_Info_Layout) refers to tftlcd.o(i.LCD_ShowString) for LCD_ShowString
    main.o(i.Initialize_Bluetooth) refers to tftlcd.o(i.LCD_ShowString) for LCD_ShowString
    main.o(i.Initialize_Bluetooth) refers to systick.o(i.delay_ms) for delay_ms
    main.o(i.Initialize_Bluetooth) refers to usart3.o(i.USART3_Init) for USART3_Init
    main.o(i.Initialize_Bluetooth) refers to key.o(i.KEY_Scan) for KEY_Scan
    main.o(i.Initialize_Bluetooth) refers to printf8.o(i.__0printf$8) for __2printf
    main.o(i.Initialize_Bluetooth) refers to hc05.o(i.HC05_Init) for HC05_Init
    main.o(i.Initialize_Bluetooth) refers to main.o(.data) for bt_initialized
    main.o(i.Process_BT_Command) refers to strcmp.o(.text) for strcmp
    main.o(i.Process_BT_Command) refers to beep.o(i.BEEP_On) for BEEP_On
    main.o(i.Process_BT_Command) refers to beep.o(i.BEEP_Off) for BEEP_Off
    main.o(i.Process_BT_Command) refers to strncmp.o(.text) for strncmp
    main.o(i.Process_BT_Command) refers to atoi.o(.text) for atoi
    main.o(i.Process_BT_Command) refers to usart3.o(i.u3_printf) for u3_printf
    main.o(i.Process_BT_Command) refers to printf8.o(i.__0printf$8) for __2printf
    main.o(i.Process_BT_Command) refers to tftlcd.o(i.LCD_Fill) for LCD_Fill
    main.o(i.Process_BT_Command) refers to printf8.o(i.__0sprintf$8) for __2sprintf
    main.o(i.Process_BT_Command) refers to tftlcd.o(i.LCD_ShowString) for LCD_ShowString
    main.o(i.Process_BT_Command) refers to main.o(i.Show_BT_Info) for Show_BT_Info
    main.o(i.Process_BT_Command) refers to main.o(.data) for beep_delay
    main.o(i.Process_IR_Command) refers to main.o(i.Reset_Idle_Timer) for Reset_Idle_Timer
    main.o(i.Process_IR_Command) refers to printf8.o(i.__0printf$8) for __2printf
    main.o(i.Process_IR_Command) refers to stm32f10x_tim.o(i.TIM_SetCompare2) for TIM_SetCompare2
    main.o(i.Process_IR_Command) refers to ws2812.o(i.RGB_ShowTest) for RGB_ShowTest
    main.o(i.Process_IR_Command) refers to tftlcd.o(i.LCD_ShowString) for LCD_ShowString
    main.o(i.Process_IR_Command) refers to printf8.o(i.__0sprintf$8) for __2sprintf
    main.o(i.Process_IR_Command) refers to ws2812.o(i.RGB_ShowCharNum_Debug) for RGB_ShowCharNum_Debug
    main.o(i.Process_IR_Command) refers to tftlcd.o(i.LCD_Fill) for LCD_Fill
    main.o(i.Process_IR_Command) refers to hwjs.o(.data) for hw_jsbz
    main.o(i.Process_IR_Command) refers to main.o(.data) for motor_power
    main.o(i.Process_IR_Command) refers to main.o(.bss) for buf
    main.o(i.Process_IR_Command) refers to music.o(i.Music_Prev_Song) for Music_Prev_Song
    main.o(i.Process_IR_Command) refers to music.o(i.Music_Next_Song) for Music_Next_Song
[...]
    i.USART_ReceiveData                      0x08005284   Section        0  stm32f10x_usart.o(i.USART_ReceiveData)
    i.USART_SendData                         0x0800528e   Section        0  stm32f10x_usart.o(i.USART_SendData)
    i.Update_Clock_Display                   0x08005298   Section        0  main.o(i.Update_Clock_Display)
    i.Update_Sensor_Values                   0x08005384   Section        0  main.o(i.Update_Sensor_Values)
    i.UsageFault_Handler                     0x08005880   Section        0  stm32f10x_it.o(i.UsageFault_Handler)
    i.__0printf$8                            0x08005884   Section        0  printf8.o(i.__0printf$8)
    i.__0sprintf$8                           0x080058a4   Section        0  printf8.o(i.__0sprintf$8)
    i.__0vsprintf                            0x080058cc   Section        0  printfa.o(i.__0vsprintf)
    i.__ARM_fpclassify                       0x080058f0   Section        0  fpclassify.o(i.__ARM_fpclassify)
    i.__aeabi_errno_addr                     0x08005918   Section        0  errno.o(i.__aeabi_errno_addr)
    i.__ieee754_rem_pio2                     0x08005920   Section        0  rred.o(i.__ieee754_rem_pio2)
    i.__kernel_cos                           0x08005ca8   Section        0  cos_i.o(i.__kernel_cos)
    i.__kernel_poly                          0x08005da4   Section        0  poly.o(i.__kernel_poly)
    i.__kernel_sin                           0x08005e50   Section        0  sin_i.o(i.__kernel_sin)
    i.__mathlib_dbl_infnan                   0x08005f3c   Section        0  dunder.o(i.__mathlib_dbl_infnan)
    i.__mathlib_dbl_invalid                  0x08005f42   Section        0  dunder.o(i.__mathlib_dbl_invalid)
    i.__mathlib_dbl_underflow                0x08005f50   Section        0  dunder.o(i.__mathlib_dbl_underflow)
    i.__scatterload_copy                     0x08005f60   Section       14  handlers.o(i.__scatterload_copy)
    i.__scatterload_null                     0x08005f6e   Section        2  handlers.o(i.__scatterload_null)
    i.__scatterload_zeroinit                 0x08005f70   Section       14  handlers.o(i.__scatterload_zeroinit)
    i.__set_errno                            0x08005f80   Section        0  errno.o(i.__set_errno)
    i._fp_digits                             0x08005f8c   Section        0  printfa.o(i._fp_digits)
    _fp_digits                               0x08005f8d   Thumb Code   366  printfa.o(i._fp_digits)
    i._printf_core                           0x08006110   Section        0  printf8.o(i._printf_core)
    _printf_core                             0x08006111   Thumb Code   996  printf8.o(i._printf_core)
    i._printf_core                           0x08006520   Section        0  printfa.o(i._printf_core)
    _printf_core                             0x08006521   Thumb Code  1744  printfa.o(i._printf_core)
    i._printf_post_padding                   0x08006bfc   Section        0  printf8.o(i._printf_post_padding)
    _printf_post_padding                     0x08006bfd   Thumb Code    36  printf8.o(i._printf_post_padding)
    i._printf_post_padding                   0x08006c20   Section        0  printfa.o(i._printf_post_padding)
    _printf_post_padding                     0x08006c21   Thumb Code    36  printfa.o(i._printf_post_padding)
    i._printf_pre_padding                    0x08006c44   Section        0  printf8.o(i._printf_pre_padding)
    _printf_pre_padding                      0x08006c45   Thumb Code    46  printf8.o(i._printf_pre_padding)
    i._printf_pre_padding                    0x08006c72   Section        0  printfa.o(i._printf_pre_padding)
    _printf_pre_padding                      0x08006c73   Thumb Code    46  printfa.o(i._printf_pre_padding)
    i._sputc                                 0x08006ca0   Section        0  printf8.o(i._sputc)
    _sputc                                   0x08006ca1   Thumb Code    10  printf8.o(i._sputc)
    i._sputc                                 0x08006caa   Section        0  printfa.o(i._sputc)
    _sputc                                   0x08006cab   Thumb Code    10  printfa.o(i._sputc)
    i.cos                                    0x08006cb4   Section        0  cos.o(i.cos)
    i.delay_ms                               0x08006d50   Section        0  systick.o(i.delay_ms)
    i.delay_us                               0x08006d9c   Section        0  systick.o(i.delay_us)
    i.draw_circle                            0x08006de8   Section        0  main.o(i.draw_circle)
    i.draw_dotline                           0x08006e34   Section        0  main.o(i.draw_dotline)
    i.draw_hand                              0x080071cc   Section        0  main.o(i.draw_hand)
    i.draw_hand_clear                        0x0800751c   Section        0  main.o(i.draw_hand_clear)
    i.fputc                                  0x0800785c   Section        0  usart.o(i.fputc)
    i.get_circle                             0x08007880   Section        0  main.o(i.get_circle)
    i.main                                   0x08007948   Section        0  main.o(i.main)
    i.sin                                    0x08008394   Section        0  sin.o(i.sin)
    i.u3_printf                              0x08008434   Section        0  usart3.o(i.u3_printf)
    .constdata                               0x08008484   Section       76  main.o(.constdata)
    .constdata                               0x080084d0   Section    18712  tftlcd.o(.constdata)
    ascii_1206                               0x080084d0   Data        1140  tftlcd.o(.constdata)
    ascii_1608                               0x08008944   Data        1520  tftlcd.o(.constdata)
    ascii_2412                               0x08008f34   Data        3420  tftlcd.o(.constdata)
    ascii_3216                               0x08009c90   Data       12160  tftlcd.o(.constdata)
    .constdata                               0x0800cde8   Section       24  rtc.o(.constdata)
    .constdata                               0x0800ce00   Section      133  ws2812.o(.constdata)
    .constdata                               0x0800ce86   Section      666  music.o(.constdata)
    .constdata                               0x0800d120   Section       92  rgb_display.o(.constdata)
    .constdata                               0x0800d180   Section       48  cos_i.o(.constdata)
    C                                        0x0800d180   Data          48  cos_i.o(.constdata)
    .constdata                               0x0800d1b0   Section      200  rred.o(.constdata)
    pio2s                                    0x0800d1b0   Data          48  rred.o(.constdata)
    twooverpi                                0x0800d1e0   Data         152  rred.o(.constdata)
    .constdata                               0x0800d278   Section       40  sin_i.o(.constdata)
    S                                        0x0800d278   Data          40  sin_i.o(.constdata)
    .constdata                               0x0800d2a0   Section      129  ctype_o.o(.constdata)
    .constdata                               0x0800d324   Section        4  ctype_o.o(.constdata)
    table                                    0x0800d324   Data           4  ctype_o.o(.constdata)
    .conststring                             0x0800d328   Section       43  music.o(.conststring)
    .data                                    0x20000000   Section       33  main.o(.data)
    .data                                    0x20000021   Section       20  stm32f10x_rcc.o(.data)
    APBAHBPrescTable                         0x20000021   Data          16  stm32f10x_rcc.o(.data)
    ADCPrescTable                            0x20000031   Data           4  stm32f10x_rcc.o(.data)
    .data                                    0x20000036   Section       12  tftlcd.o(.data)
    .data                                    0x20000042   Section        5  beep.o(.data)
    .data                                    0x20000048   Section        5  hwjs.o(.data)
    .data                                    0x2000004d   Section        1  key.o(.data)
    key                                      0x2000004d   Data           1  key.o(.data)
    .data                                    0x2000004e   Section        4  rtc.o(.data)
    daycnt                                   0x20000050   Data           2  rtc.o(.data)
    .data                                    0x20000052   Section        2  usart3.o(.data)
    .data                                    0x20000054   Section       40  music.o(.data)
    .data                                    0x2000007c   Section        4  systick.o(.data)
    fac_us                                   0x2000007c   Data           1  systick.o(.data)
    fac_ms                                   0x2000007e   Data           2  systick.o(.data)
    .data                                    0x20000080   Section        2  usart.o(.data)
    .data                                    0x20000084   Section        4  stdout.o(.data)
    .data                                    0x20000088   Section        4  errno.o(.data)
    _errno                                   0x20000088   Data           4  errno.o(.data)
    .bss                                     0x2000008c   Section       52  main.o(.bss)
    .bss                                     0x200000c0   Section       10  rtc.o(.bss)
    .bss                                     0x200000ca   Section       75  ws2812.o(.bss)
    .bss                                     0x20000115   Section     1200  usart3.o(.bss)
    .bss                                     0x200005c5   Section      200  usart.o(.bss)
    STACK                                    0x20000690   Section     1024  startup_stm32f10x_hd.o(STACK)

    Global Symbols

    Symbol Name                              Value     Ov Type        Size  Object(Section)

    BuildAttributes$$THM_ISAv4$P$D$K$B$S$PE$A:L22UL41UL21$X:L11$S22US41US21$IEEE1$IW$USESV6$~STKCKD$USESV7$~SHL$OTIME$ROPI$IEEEX$EBA8$MICROLIB$REQ8$PRES8$EABIv2 0x00000000   Number         0  anon$$obj.o ABSOLUTE
    __ARM_use_no_argv                        0x00000000   Number         0  main.o ABSOLUTE
    _printf_a                                0x00000000   Number         0  stubs.o ABSOLUTE
    _printf_c                                0x00000000   Number         0  stubs.o ABSOLUTE
    _printf_charcount                        0x00000000   Number         0  stubs.o ABSOLUTE
    _printf_d                                0x00000000   Number         0  stubs.o ABSOLUTE
    _printf_e                                0x00000000   Number         0  stubs.o ABSOLUTE
    _printf_f                                0x00000000   Number         0  stubs.o ABSOLUTE
    _printf_flags                            0x00000000   Number         0  stubs.o ABSOLUTE
    _printf_fp_dec                           0x00000000   Number         0  stubs.o ABSOLUTE
    _printf_fp_hex                           0x00000000   Number         0  stubs.o ABSOLUTE
    _printf_g                                0x00000000   Number         0  stubs.o ABSOLUTE
    _printf_i                                0x00000000   Number         0  stubs.o ABSOLUTE
    _printf_int_dec                          0x00000000   Number         0  stubs.o ABSOLUTE
    _printf_l                                0x00000000   Number         0  stubs.o ABSOLUTE
    _printf_lc                               0x00000000   Number         0  stubs.o ABSOLUTE
    _printf_ll                               0x00000000   Number         0  stubs.o ABSOLUTE
    _printf_lld                              0x00000000   Number         0  stubs.o ABSOLUTE
    _printf_lli                              0x00000000   Number         0  stubs.o ABSOLUTE
    _printf_llo                              0x00000000   Number         0  stubs.o ABSOLUTE
    _printf_llu                              0x00000000   Number         0  stubs.o ABSOLUTE
    _printf_llx                              0x00000000   Number         0  stubs.o ABSOLUTE
    _printf_longlong_dec                     0x00000000   Number         0  stubs.o ABSOLUTE
    _printf_longlong_hex                     0x00000000   Number         0  stubs.o ABSOLUTE
    _printf_longlong_oct                     0x00000000   Number         0  stubs.o ABSOLUTE
    _printf_ls                               0x00000000   Number         0  stubs.o ABSOLUTE
    _printf_mbtowc                           0x00000000   Number         0  stubs.o ABSOLUTE
    _printf_n                                0x00000000   Number         0  stubs.o ABSOLUTE
    _printf_o                                0x00000000   Number         0  stubs.o ABSOLUTE
    _printf_p                                0x00000000   Number         0  stubs.o ABSOLUTE
    _printf_percent                          0x00000000   Number         0  stubs.o ABSOLUTE
    _printf_pre_padding                      0x00000000   Number         0  stubs.o ABSOLUTE
    _printf_return_value                     0x00000000   Number         0  stubs.o ABSOLUTE
    _printf_s                                0x00000000   Number         0  stubs.o ABSOLUTE
    _printf_sizespec                         0x00000000   Number         0  stubs.o ABSOLUTE
    _printf_str                              0x00000000   Number         0  stubs.o ABSOLUTE
    _printf_truncate_signed                  0x00000000   Number         0  stubs.o ABSOLUTE
    _printf_truncate_unsigned                0x00000000   Number         0  stubs.o ABSOLUTE
    _printf_u                                0x00000000   Number         0  stubs.o ABSOLUTE
    _printf_wc                               0x00000000   Number         0  stubs.o ABSOLUTE
    _printf_wctomb                           0x00000000   Number         0  stubs.o ABSOLUTE
    _printf_widthprec                        0x00000000   Number         0  stubs.o ABSOLUTE
    _printf_x                                0x00000000   Number         0  stubs.o ABSOLUTE
    __cpp_initialize__aeabi_                  - Undefined Weak Reference
    __cxa_finalize                            - Undefined Weak Reference
    __decompress                              - Undefined Weak Reference
    _clock_init                               - Undefined Weak Reference
    _microlib_exit                            - Undefined Weak Reference
    __Vectors_Size                           0x00000130   Number         0  startup_stm32f10x_hd.o ABSOLUTE
    __Vectors                                0x08000000   Data           4  startup_stm32f10x_hd.o(RESET)
    __Vectors_End                            0x08000130   Data           0  startup_stm32f10x_hd.o(RESET)
    __main                                   0x08000131   Thumb Code     0  entry.o(.ARM.Collect$$$$00000000)
    _main_stk                                0x08000131   Thumb Code     0  entry2.o(.ARM.Collect$$$$00000001)
    _main_scatterload                        0x08000135   Thumb Code     0  entry5.o(.ARM.Collect$$$$00000004)
    __main_after_scatterload                 0x08000139   Thumb Code     0  entry5.o(.ARM.Collect$$$$00000004)
    _main_clock                              0x08000139   Thumb Code     0  entry7b.o(.ARM.Collect$$$$00000008)
    _main_cpp_init                           0x08000139   Thumb Code     0  entry8b.o(.ARM.Collect$$$$0000000A)
    _main_init                               0x08000139   Thumb Code     0  entry9a.o(.ARM.Collect$$$$0000000B)
    __rt_final_cpp                           0x08000141   Thumb Code     0  entry10a.o(.ARM.Collect$$$$0000000D)
    __rt_final_exit                          0x08000141   Thumb Code     0  entry11a.o(.ARM.Collect$$$$0000000F)
    Reset_Handler                            0x08000145   Thumb Code     8  startup_stm32f10x_hd.o(.text)
    ADC1_2_IRQHandler                        0x0800015f   Thumb Code     0  startup_stm32f10x_hd.o(.text)
    ADC3_IRQHandler                          0x0800015f   Thumb Code     0  startup_stm32f10x_hd.o(.text)
    CAN1_RX1_IRQHandler                      0x0800015f   Thumb Code     0  startup_stm32f10x_hd.o(.text)
    CAN1_SCE_IRQHandler                      0x0800015f   Thumb Code     0  startup_stm32f10x_hd.o(.text)
    DMA1_Channel1_IRQHandler                 0x0800015f   Thumb Code     0  startup_stm32f10x_hd.o(.text)
    DMA1_Channel2_IRQHandler                 0x0800015f   Thumb Code     0  startup_stm32f10x_hd.o(.text)
    DMA1_Channel3_IRQHandler                 0x0800015f   Thumb Code     0  startup_stm32f10x_hd.o(.text)
    DMA1_Channel4_IRQHandler                 0x0800015f   Thumb Code     0  startup_stm32f10x_hd.o(.text)
    DMA1_Channel5_IRQHandler                 0x0800015f   Thumb Code     0  startup_stm32f10x_hd.o(.text)
    DMA1_Channel6_IRQHandler                 0x0800015f   Thumb Code     0  startup_stm32f10x_hd.o(.text)
    DMA1_Channel7_IRQHandler                 0x0800015f   Thumb Code     0  startup_stm32f10x_hd.o(.text)
    DMA2_Channel1_IRQHandler                 0x0800015f   Thumb Code     0  startup_stm32f10x_hd.o(.text)
    DMA2_Channel2_IRQHandler                 0x0800015f   Thumb Code     0  startup_stm32f10x_hd.o(.text)
    DMA2_Channel3_IRQHandler                 0x0800015f   Thumb Code     0  startup_stm32f10x_hd.o(.text)
    DMA2_Channel4_5_IRQHandler               0x0800015f   Thumb Code     0  startup_stm32f10x_hd.o(.text)
    EXTI0_IRQHandler                         0x0800015f   Thumb Code     0  startup_stm32f10x_hd.o(.text)
    EXTI15_10_IRQHandler                     0x0800015f   Thumb Code     0  startup_stm32f10x_hd.o(.text)
    EXTI1_IRQHandler                         0x0800015f   Thumb Code     0  startup_stm32f10x_hd.o(.text)
    EXTI2_IRQHandler                         0x0800015f   Thumb Code     0  startup_stm32f10x_hd.o(.text)
    EXTI3_IRQHandler                         0x0800015f   Thumb Code     0  startup_stm32f10x_hd.o(.text)
    EXTI4_IRQHandler                         0x0800015f   Thumb Code     0  startup_stm32f10x_hd.o(.text)
    FLASH_IRQHandler                         0x0800015f   Thumb Code     0  startup_stm32f10x_hd.o(.text)
    FSMC_IRQHandler                          0x0800015f   Thumb Code     0  startup_stm32f10x_hd.o(.text)
    I2C1_ER_IRQHandler                       0x0800015f   Thumb Code     0  startup_stm32f10x_hd.o(.text)
    I2C1_EV_IRQHandler                       0x0800015f   Thumb Code     0  startup_stm32f10x_hd.o(.text)
    I2C2_ER_IRQHandler                       0x0800015f   Thumb Code     0  startup_stm32f10x_hd.o(.text)
    I2C2_EV_IRQHandler                       0x0800015f   Thumb Code     0  startup_stm32f10x_hd.o(.text)
    PVD_IRQHandler                           0x0800015f   Thumb Code     0  startup_stm32f10x_hd.o(.text)
    RCC_IRQHandler                           0x0800015f   Thumb Code     0  startup_stm32f10x_hd.o(.text)
    RTCAlarm_IRQHandler                      0x0800015f   Thumb Code     0  startup_stm32f10x_hd.o(.text)
    SDIO_IRQHandler                          0x0800015f   Thumb Code     0  startup_stm32f10x_hd.o(.text)
    SPI1_IRQHandler                          0x0800015f   Thumb Code     0  startup_stm32f10x_hd.o(.text)
    SPI2_IRQHandler                          0x0800015f   Thumb Code     0  startup_stm32f10x_hd.o(.text)
    SPI3_IRQHandler                          0x0800015f   Thumb Code     0  startup_stm32f10x_hd.o(.text)
    TAMPER_IRQHandler                        0x0800015f   Thumb Code     0  startup_stm32f10x_hd.o(.text)
    TIM1_BRK_IRQHandler                      0x0800015f   Thumb Code     0  startup_stm32f10x_hd.o(.text)
    TIM1_CC_IRQHandler                       0x0800015f   Thumb Code     0  startup_stm32f10x_hd.o(.text)
    TIM1_TRG_COM_IRQHandler                  0x0800015f   Thumb Code     0  startup_stm32f10x_hd.o(.text)
    TIM1_UP_IRQHandler                       0x0800015f   Thumb Code     0  startup_stm32f10x_hd.o(.text)
    TIM2_IRQHandler                          0x0800015f   Thumb Code     0  startup_stm32f10x_hd.o(.text)
    TIM3_IRQHandler                          0x0800015f   Thumb Code     0  startup_stm32f10x_hd.o(.text)
    TIM5_IRQHandler                          0x0800015f   Thumb Code     0  startup_stm32f10x_hd.o(.text)
    TIM6_IRQHandler                          0x0800015f   Thumb Code     0  startup_stm32f10x_hd.o(.text)
    TIM8_BRK_IRQHandler                      0x0800015f   Thumb Code     0  startup_stm32f10x_hd.o(.text)
    TIM8_CC_IRQHandler                       0x0800015f   Thumb Code     0  startup_stm32f10x_hd.o(.text)
    TIM8_TRG_COM_IRQHandler                  0x0800015f   Thumb Code     0  startup_stm32f10x_hd.o(.text)
    TIM8_UP_IRQHandler                       0x0800015f   Thumb Code     0  startup_stm32f10x_hd.o(.text)
    UART4_IRQHandler                         0x0800015f   Thumb Code     0  startup_stm32f10x_hd.o(.text)
    UART5_IRQHandler                         0x0800015f   Thumb Code     0  startup_stm32f10x_hd.o(.text)
    USART2_IRQHandler                        0x0800015f   Thumb Code     0  startup_stm32f10x_hd.o(.text)
    USBWakeUp_IRQHandler                     0x0800015f   Thumb Code     0  startup_stm32f10x_hd.o(.text)
    USB_HP_CAN1_TX_IRQHandler                0x0800015f   Thumb Code     0  startup_stm32f10x_hd.o(.text)
    USB_LP_CAN1_RX0_IRQHandler               0x0800015f   Thumb Code     0  startup_stm32f10x_hd.o(.text)
    WWDG_IRQHandler                          0x0800015f   Thumb Code     0  startup_stm32f10x_hd.o(.text)
    __aeabi_memcpy                           0x08000169   Thumb Code    36  memcpya.o(.text)
    __aeabi_memcpy4                          0x08000169   Thumb Code     0  memcpya.o(.text)
    __aeabi_memcpy8                          0x08000169   Thumb Code     0  memcpya.o(.text)
    strlen                                   0x0800018d   Thumb Code    14  strlen.o(.text)
    strcmp                                   0x0800019b   Thumb Code    28  strcmp.o(.text)
    strncmp                                  0x080001b7   Thumb Code    30  strncmp.o(.text)
    atoi                                     0x080001d5   Thumb Code    26  atoi.o(.text)
    __aeabi_dadd                             0x080001ef   Thumb Code   322  dadd.o(.text)
    __aeabi_dsub                             0x08000331   Thumb Code     6  dadd.o(.text)
    __aeabi_drsub                            0x08000337   Thumb Code     6  dadd.o(.text)
    __aeabi_dmul                             0x0800033d   Thumb Code   228  dmul.o(.text)
    __aeabi_ddiv                             0x08000421   Thumb Code   222  ddiv.o(.text)
    __aeabi_i2d                              0x080004ff   Thumb Code    34  dflti.o(.text)
    __aeabi_ui2d                             0x08000521   Thumb Code    26  dfltui.o(.text)
    __aeabi_d2iz                             0x0800053b   Thumb Code    62  dfixi.o(.text)
    __aeabi_uidiv                            0x08000579   Thumb Code     0  uidiv.o(.text)
    __aeabi_uidivmod                         0x08000579   Thumb Code    44  uidiv.o(.text)
    __aeabi_uldivmod                         0x080005a5   Thumb Code    98  uldiv.o(.text)
    __aeabi_llsl                             0x08000607   Thumb Code    30  llshl.o(.text)
    _ll_shift_l                              0x08000607   Thumb Code     0  llshl.o(.text)
    __aeabi_llsr                             0x08000625   Thumb Code    32  llushr.o(.text)
    _ll_ushift_r                             0x08000625   Thumb Code     0  llushr.o(.text)
    __aeabi_lasr                             0x08000645   Thumb Code    36  llsshr.o(.text)
    _ll_sshift_r                             0x08000645   Thumb Code     0  llsshr.o(.text)
    strtol                                   0x08000669   Thumb Code   112  strtol.o(.text)
    __I$use$fp                               0x080006d9   Thumb Code     0  iusefp.o(.text)
    _double_round                            0x080006d9   Thumb Code    30  depilogue.o(.text)
    _double_epilogue                         0x080006f7   Thumb Code   156  depilogue.o(.text)
    __aeabi_d2ulz                            0x08000793   Thumb Code    48  dfixul.o(.text)
    __aeabi_cdrcmple                         0x080007c5   Thumb Code    48  cdrcmple.o(.text)
    __scatterload                            0x080007f5   Thumb Code    28  init.o(.text)
    __scatterload_rt2                        0x080007f5   Thumb Code     0  init.o(.text)
    __rt_ctype_table                         0x08000819   Thumb Code     4  ctype_o.o(.text)
    _strtoul                                 0x08000821   Thumb Code   158  _strtoul.o(.text)
    __ARM_scalbn                             0x080008bf   Thumb Code    46  dscalb.o(.text)
    scalbn                                   0x080008bf   Thumb Code     0  dscalb.o(.text)
    _chval                                   0x080008ed   Thumb Code    28  _chval.o(.text)
    ADC_Cmd                                  0x08000909   Thumb Code    22  stm32f10x_adc.o(i.ADC_Cmd)
    ADC_DeInit                               0x08000921   Thumb Code    78  stm32f10x_adc.o(i.ADC_DeInit)
    ADC_GetCalibrationStatus                 0x0800097d   Thumb Code    20  stm32f10x_adc.o(i.ADC_GetCalibrationStatus)
    ADC_GetConversionValue                   0x08000991   Thumb Code     8  stm32f10x_adc.o(i.ADC_GetConversionValue)
    ADC_GetFlagStatus                        0x08000999   Thumb Code    18  stm32f10x_adc.o(i.ADC_GetFlagStatus)
    ADC_GetResetCalibrationStatus            0x080009ab   Thumb Code    20  stm32f10x_adc.o(i.ADC_GetResetCalibrationStatus)
    ADC_Init                                 0x080009c1   Thumb Code    70  stm32f10x_adc.o(i.ADC_Init)
    ADC_RegularChannelConfig                 0x08000a11   Thumb Code   184  stm32f10x_adc.o(i.ADC_RegularChannelConfig)
    ADC_ResetCalibration                     0x08000ac9   Thumb Code    10  stm32f10x_adc.o(i.ADC_ResetCalibration)
    ADC_SoftwareStartConvCmd                 0x08000ad3   Thumb Code    22  stm32f10x_adc.o(i.ADC_SoftwareStartConvCmd)
    ADC_StartCalibration                     0x08000ae9   Thumb Code    10  stm32f10x_adc.o(i.ADC_StartCalibration)
    BEEP_Init                                0x08000af5   Thumb Code   148  beep.o(i.BEEP_Init)
    BEEP_Off                                 0x08000b99   Thumb Code    18  beep.o(i.BEEP_Off)
    BEEP_On                                  0x08000bb5   Thumb Code    32  beep.o(i.BEEP_On)
    BKP_DeInit                               0x08000be5   Thumb Code    16  stm32f10x_bkp.o(i.BKP_DeInit)
    BKP_ReadBackupRegister                   0x08000bf5   Thumb Code    24  stm32f10x_bkp.o(i.BKP_ReadBackupRegister)
    BKP_WriteBackupRegister                  0x08000c11   Thumb Code    22  stm32f10x_bkp.o(i.BKP_WriteBackupRegister)
    BusFault_Handler                         0x08000c2d   Thumb Code     4  stm32f10x_it.o(i.BusFault_Handler)
    Check_Clock_Mode_Activity                0x08000c31   Thumb Code    58  main.o(i.Check_Clock_Mode_Activity)
    DHT11_Check                              0x08000cdd   Thumb Code    74  dht11.o(i.DHT11_Check)
    DHT11_IO_IN                              0x08000d2d   Thumb Code    26  dht11.o(i.DHT11_IO_IN)
    DHT11_IO_OUT                             0x08000d4d   Thumb Code    32  dht11.o(i.DHT11_IO_OUT)
    DHT11_Init                               0x08000d71   Thumb Code    58  dht11.o(i.DHT11_Init)
    DHT11_Read_Bit                           0x08000db1   Thumb Code    70  dht11.o(i.DHT11_Read_Bit)
    DHT11_Read_Byte                          0x08000dfd   Thumb Code    30  dht11.o(i.DHT11_Read_Byte)
    DHT11_Read_Data                          0x08000e1b   Thumb Code    88  dht11.o(i.DHT11_Read_Data)
    DHT11_Rst                                0x08000e75   Thumb Code    34  dht11.o(i.DHT11_Rst)
    DebugMon_Handler                         0x08000ea1   Thumb Code     2  stm32f10x_it.o(i.DebugMon_Handler)
    Display_SmartMaster_Title                0x08000ea5   Thumb Code    46  main.o(i.Display_SmartMaster_Title)
    EXTI9_5_IRQHandler                       0x08000ee9   Thumb Code   126  hwjs.o(i.EXTI9_5_IRQHandler)
    EXTI_ClearITPendingBit                   0x08000f75   Thumb Code     6  stm32f10x_exti.o(i.EXTI_ClearITPendingBit)
    EXTI_Init                                0x08000f81   Thumb Code   142  stm32f10x_exti.o(i.EXTI_Init)
    Exit_Clock_Mode                          0x08001015   Thumb Code    96  main.o(i.Exit_Clock_Mode)
    FSMC_NORSRAMCmd                          0x080010b5   Thumb Code    46  stm32f10x_fsmc.o(i.FSMC_NORSRAMCmd)
    FSMC_NORSRAMInit                         0x080010e9   Thumb Code   230  stm32f10x_fsmc.o(i.FSMC_NORSRAMInit)
    GPIO_EXTILineConfig                      0x080011d1   Thumb Code    60  stm32f10x_gpio.o(i.GPIO_EXTILineConfig)
    GPIO_Init                                0x08001211   Thumb Code   278  stm32f10x_gpio.o(i.GPIO_Init)
    GPIO_PinRemapConfig                      0x08001329   Thumb Code   138  stm32f10x_gpio.o(i.GPIO_PinRemapConfig)
    GPIO_ReadInputDataBit                    0x080013b9   Thumb Code    18  stm32f10x_gpio.o(i.GPIO_ReadInputDataBit)
    GPIO_ResetBits                           0x080013cb   Thumb Code     4  stm32f10x_gpio.o(i.GPIO_ResetBits)
    GPIO_SetBits                             0x080013cf   Thumb Code     4  stm32f10x_gpio.o(i.GPIO_SetBits)
    Get_ADC3                                 0x080013d5   Thumb Code    46  lsens.o(i.Get_ADC3)
    HC05_Get_Role                            0x08001409   Thumb Code   126  hc05.o(i.HC05_Get_Role)
    HC05_Init                                0x080014a1   Thumb Code   226  hc05.o(i.HC05_Init)
    HC05_Role_Show                           0x080015a5   Thumb Code    54  main.o(i.HC05_Role_Show)
    HC05_Set_Cmd                             0x080015f5   Thumb Code   130  hc05.o(i.HC05_Set_Cmd)
    HC05_Sta_Show                            0x08001691   Thumb Code    52  main.o(i.HC05_Sta_Show)
    HW_jssj                                  0x080016e9   Thumb Code    42  hwjs.o(i.HW_jssj)
    HardFault_Handler                        0x08001719   Thumb Code     4  stm32f10x_it.o(i.HardFault_Handler)
    Hwjs_Init                                0x0800171d   Thumb Code   108  hwjs.o(i.Hwjs_Init)
    Init_Clock_Display                       0x0800178d   Thumb Code   130  main.o(i.Init_Clock_Display)
    Init_Sensor_Info_Layout                  0x0800186d   Thumb Code   244  main.o(i.Init_Sensor_Info_Layout)
    Initialize_Bluetooth                     0x080019d1   Thumb Code   410  main.o(i.Initialize_Bluetooth)
    Is_Leap_Year                             0x08001c61   Thumb Code    58  rtc.o(i.Is_Leap_Year)
    KEY_Init                                 0x08001c9d   Thumb Code    52  key.o(i.KEY_Init)
    KEY_Scan                                 0x08001cd9   Thumb Code   148  key.o(i.KEY_Scan)
    LCD_Clear                                0x08001d79   Thumb Code    68  tftlcd.o(i.LCD_Clear)
    LCD_Display_Dir                          0x08001dc1   Thumb Code    66  tftlcd.o(i.LCD_Display_Dir)
    LCD_DrawFRONT_COLOR                      0x08001e09   Thumb Code    28  tftlcd.o(i.LCD_DrawFRONT_COLOR)
    LCD_DrawLine                             0x08001e25   Thumb Code   176  tftlcd.o(i.LCD_DrawLine)
    LCD_DrawPoint                            0x08001ed5   Thumb Code    28  tftlcd.o(i.LCD_DrawPoint)
    LCD_Fill                                 0x08001ef5   Thumb Code    92  tftlcd.o(i.LCD_Fill)
    LCD_ReadData                             0x08001f51   Thumb Code     6  tftlcd.o(i.LCD_ReadData)
    LCD_Set_Window                           0x08001f5d   Thumb Code    74  tftlcd.o(i.LCD_Set_Window)
    LCD_ShowChar                             0x08001fa9   Thumb Code   272  tftlcd.o(i.LCD_ShowChar)
    LCD_ShowString                           0x080020d1   Thumb Code   102  tftlcd.o(i.LCD_ShowString)
    LCD_WriteCmd                             0x08002139   Thumb Code     6  tftlcd.o(i.LCD_WriteCmd)
    LCD_WriteData                            0x08002145   Thumb Code     6  tftlcd.o(i.LCD_WriteData)
    LCD_WriteData_Color                      0x08002151   Thumb Code    12  tftlcd.o(i.LCD_WriteData_Color)
    LED_Init                                 0x08002161   Thumb Code    68  led.o(i.LED_Init)
    Lsens_Get_Val                            0x080021ad   Thumb Code    60  lsens.o(i.Lsens_Get_Val)
    Lsens_Init                               0x080021e9   Thumb Code   150  lsens.o(i.Lsens_Init)
    MemManage_Handler                        0x08002289   Thumb Code     4  stm32f10x_it.o(i.MemManage_Handler)
    Music_Init                               0x0800228d   Thumb Code    26  music.o(i.Music_Init)
    Music_Next_Song                          0x080022bd   Thumb Code    42  music.o(i.Music_Next_Song)
    Music_Pause                              0x08002305   Thumb Code    28  music.o(i.Music_Pause)
    Music_Play_Lanhua_Grass_New              0x08002335   Thumb Code   110  music.o(i.Music_Play_Lanhua_Grass_New)
    Music_Play_Song                          0x080023ed   Thumb Code   112  music.o(i.Music_Play_Song)
    Music_Prev_Song                          0x0800249d   Thumb Code    44  music.o(i.Music_Prev_Song)
    Music_Resume                             0x080024e9   Thumb Code    98  music.o(i.Music_Resume)
    Music_Stop                               0x08002579   Thumb Code    28  music.o(i.Music_Stop)
    Music_Update                             0x080025b1   Thumb Code   224  music.o(i.Music_Update)
    Music_Update_New_Format                  0x08002701   Thumb Code   244  music.o(i.Music_Update_New_Format)
    NMI_Handler                              0x08002895   Thumb Code     2  stm32f10x_it.o(i.NMI_Handler)
    NVIC_Init                                0x08002899   Thumb Code   100  misc.o(i.NVIC_Init)
    NVIC_PriorityGroupConfig                 0x08002909   Thumb Code    10  misc.o(i.NVIC_PriorityGroupConfig)
    PWR_BackupAccessCmd                      0x0800291d   Thumb Code     6  stm32f10x_pwr.o(i.PWR_BackupAccessCmd)
    PendSV_Handler                           0x08002929   Thumb Code     2  stm32f10x_it.o(i.PendSV_Handler)
    Process_BT_Command                       0x0800292d   Thumb Code   242  main.o(i.Process_BT_Command)
    Process_IR_Command                       0x08002ab9   Thumb Code  1726  main.o(i.Process_IR_Command)
    RCC_AHBPeriphClockCmd                    0x080031f1   Thumb Code    26  stm32f10x_rcc.o(i.RCC_AHBPeriphClockCmd)
    RCC_APB1PeriphClockCmd                   0x08003211   Thumb Code    26  stm32f10x_rcc.o(i.RCC_APB1PeriphClockCmd)
    RCC_APB1PeriphResetCmd                   0x08003231   Thumb Code    26  stm32f10x_rcc.o(i.RCC_APB1PeriphResetCmd)
    RCC_APB2PeriphClockCmd                   0x08003251   Thumb Code    26  stm32f10x_rcc.o(i.RCC_APB2PeriphClockCmd)
    RCC_APB2PeriphResetCmd                   0x08003271   Thumb Code    26  stm32f10x_rcc.o(i.RCC_APB2PeriphResetCmd)
    RCC_BackupResetCmd                       0x08003291   Thumb Code     6  stm32f10x_rcc.o(i.RCC_BackupResetCmd)
    RCC_GetClocksFreq                        0x0800329d   Thumb Code   192  stm32f10x_rcc.o(i.RCC_GetClocksFreq)
    RCC_GetFlagStatus                        0x08003371   Thumb Code    56  stm32f10x_rcc.o(i.RCC_GetFlagStatus)
    RCC_LSEConfig                            0x080033ad   Thumb Code    46  stm32f10x_rcc.o(i.RCC_LSEConfig)
    RCC_RTCCLKCmd                            0x080033e1   Thumb Code     6  stm32f10x_rcc.o(i.RCC_RTCCLKCmd)
    RCC_RTCCLKConfig                         0x080033ed   Thumb Code    12  stm32f10x_rcc.o(i.RCC_RTCCLKConfig)
    RGB_Buffer_Clear                         0x080033fd   Thumb Code    66  ws2812.o(i.RGB_Buffer_Clear)
    RGB_DrawDotColor                         0x08003445   Thumb Code    88  ws2812.o(i.RGB_DrawDotColor)
    RGB_LED_Clear                            0x080034a1   Thumb Code    18  ws2812.o(i.RGB_LED_Clear)
    RGB_LED_Demo                             0x080034b5   Thumb Code   120  main.o(i.RGB_LED_Demo)
    RGB_LED_Init                             0x080035c5   Thumb Code    50  ws2812.o(i.RGB_LED_Init)
    RGB_LED_Reset                            0x080035fd   Thumb Code    26  ws2812.o(i.RGB_LED_Reset)
    RGB_LED_Write0                           0x0800361d   Thumb Code   106  ws2812.o(i.RGB_LED_Write0)
    RGB_LED_Write1                           0x0800368d   Thumb Code   106  ws2812.o(i.RGB_LED_Write1)
    RGB_LED_Write_24Bits                     0x080036fd   Thumb Code    28  ws2812.o(i.RGB_LED_Write_24Bits)
    RGB_LED_Write_Byte                       0x08003719   Thumb Code    38  ws2812.o(i.RGB_LED_Write_Byte)
    RGB_Screen_Update                        0x08003741   Thumb Code    70  ws2812.o(i.RGB_Screen_Update)
    RGB_Set_Pixel                            0x0800378d   Thumb Code    58  ws2812.o(i.RGB_Set_Pixel)
    RGB_ShowCharNum_Debug                    0x080037cd   Thumb Code   220  ws2812.o(i.RGB_ShowCharNum_Debug)
    RGB_ShowCustomChar                       0x08003949   Thumb Code    92  rgb_display.o(i.RGB_ShowCustomChar)
    RGB_ShowHeart                            0x080039a5   Thumb Code    88  ws2812.o(i.RGB_ShowHeart)
    RGB_ShowTest                             0x08003a05   Thumb Code    58  ws2812.o(i.RGB_ShowTest)
    RTC_ClearITPendingBit                    0x08003a79   Thumb Code    12  stm32f10x_rtc.o(i.RTC_ClearITPendingBit)
    RTC_EnterConfigMode                      0x08003a89   Thumb Code    14  stm32f10x_rtc.o(i.RTC_EnterConfigMode)
    RTC_ExitConfigMode                       0x08003a9d   Thumb Code    16  stm32f10x_rtc.o(i.RTC_ExitConfigMode)
    RTC_Get                                  0x08003ab1   Thumb Code   240  rtc.o(i.RTC_Get)
    RTC_GetCounter                           0x08003bb1   Thumb Code    16  stm32f10x_rtc.o(i.RTC_GetCounter)
    RTC_GetITStatus                          0x08003bc5   Thumb Code    32  stm32f10x_rtc.o(i.RTC_GetITStatus)
    RTC_Get_Week                             0x08003be9   Thumb Code   116  rtc.o(i.RTC_Get_Week)
    RTC_IRQHandler                           0x08003c61   Thumb Code    50  rtc.o(i.RTC_IRQHandler)
    RTC_ITConfig                             0x08003c99   Thumb Code    26  stm32f10x_rtc.o(i.RTC_ITConfig)
    RTC_Init                                 0x08003cb9   Thumb Code   192  rtc.o(i.RTC_Init)
    RTC_Set                                  0x08003d99   Thumb Code   184  rtc.o(i.RTC_Set)
    RTC_SetCounter                           0x08003e61   Thumb Code    24  stm32f10x_rtc.o(i.RTC_SetCounter)
    RTC_SetPrescaler                         0x08003e7d   Thumb Code    26  stm32f10x_rtc.o(i.RTC_SetPrescaler)
    RTC_WaitForLastTask                      0x08003e9d   Thumb Code    16  stm32f10x_rtc.o(i.RTC_WaitForLastTask)
    RTC_WaitForSynchro                       0x08003eb1   Thumb Code    30  stm32f10x_rtc.o(i.RTC_WaitForSynchro)
    Reset_Idle_Timer                         0x08003ed5   Thumb Code     8  main.o(i.Reset_Idle_Timer)
    SVC_Handler                              0x08003ee1   Thumb Code     2  stm32f10x_it.o(i.SVC_Handler)
    Show_BT_Info                             0x08003fcd   Thumb Code   332  main.o(i.Show_BT_Info)
    Show_Help_Page                           0x080041e1   Thumb Code   414  main.o(i.Show_Help_Page)
    Show_Sensor_Info                         0x08004571   Thumb Code    24  main.o(i.Show_Sensor_Info)
    SysTick_CLKSourceConfig                  0x08004589   Thumb Code    40  misc.o(i.SysTick_CLKSourceConfig)
    SysTick_Handler                          0x080045b1   Thumb Code     2  stm32f10x_it.o(i.SysTick_Handler)
    SysTick_Init                             0x080045b5   Thumb Code    52  systick.o(i.SysTick_Init)
    SystemInit                               0x080045f1   Thumb Code    78  system_stm32f10x.o(i.SystemInit)
    TFTLCD_FSMC_Init                         0x08004651   Thumb Code   126  tftlcd.o(i.TFTLCD_FSMC_Init)
    TFTLCD_GPIO_Init                         0x080046d1   Thumb Code   130  tftlcd.o(i.TFTLCD_GPIO_Init)
    TFTLCD_Init                              0x08004769   Thumb Code   574  tftlcd.o(i.TFTLCD_Init)
    TIM3_CH2_PWM_Init                        0x080049bd   Thumb Code   146  pwm.o(i.TIM3_CH2_PWM_Init)
    TIM4_IRQHandler                          0x08004a5d   Thumb Code    38  time.o(i.TIM4_IRQHandler)
    TIM7_IRQHandler                          0x08004a8d   Thumb Code    42  time.o(i.TIM7_IRQHandler)
    TIM7_Int_Init                            0x08004ac1   Thumb Code    90  time.o(i.TIM7_Int_Init)
    TIM_ARRPreloadConfig                     0x08004b21   Thumb Code    24  stm32f10x_tim.o(i.TIM_ARRPreloadConfig)
    TIM_ClearITPendingBit                    0x08004b39   Thumb Code     6  stm32f10x_tim.o(i.TIM_ClearITPendingBit)
    TIM_Cmd                                  0x08004b3f   Thumb Code    24  stm32f10x_tim.o(i.TIM_Cmd)
    TIM_GetITStatus                          0x08004b57   Thumb Code    34  stm32f10x_tim.o(i.TIM_GetITStatus)
    TIM_ITConfig                             0x08004b79   Thumb Code    18  stm32f10x_tim.o(i.TIM_ITConfig)
    TIM_OC2Init                              0x08004b8d   Thumb Code   154  stm32f10x_tim.o(i.TIM_OC2Init)
    TIM_OC2PreloadConfig                     0x08004c31   Thumb Code    26  stm32f10x_tim.o(i.TIM_OC2PreloadConfig)
    TIM_OC3Init                              0x08004c4d   Thumb Code   150  stm32f10x_tim.o(i.TIM_OC3Init)
    TIM_OC3PreloadConfig                     0x08004ced   Thumb Code    18  stm32f10x_tim.o(i.TIM_OC3PreloadConfig)
    TIM_SetAutoreload                        0x08004cff   Thumb Code     4  stm32f10x_tim.o(i.TIM_SetAutoreload)
    TIM_SetCompare2                          0x08004d03   Thumb Code     4  stm32f10x_tim.o(i.TIM_SetCompare2)
    TIM_SetCompare3                          0x08004d07   Thumb Code     4  stm32f10x_tim.o(i.TIM_SetCompare3)
    TIM_SetCounter                           0x08004d0b   Thumb Code     4  stm32f10x_tim.o(i.TIM_SetCounter)
    TIM_TimeBaseInit                         0x08004d11   Thumb Code   122  stm32f10x_tim.o(i.TIM_TimeBaseInit)
    USART1_IRQHandler                        0x08004db5   Thumb Code   122  usart.o(i.USART1_IRQHandler)
    USART1_Init                              0x08004e3d   Thumb Code   166  usart.o(i.USART1_Init)
    USART3_IRQHandler                        0x08004eed   Thumb Code    94  usart3.o(i.USART3_IRQHandler)
    USART3_Init                              0x08004f5d   Thumb Code   190  usart3.o(i.USART3_Init)
    USART_ClearFlag                          0x0800502d   Thumb Code    18  stm32f10x_usart.o(i.USART_ClearFlag)
    USART_Cmd                                0x0800503f   Thumb Code    24  stm32f10x_usart.o(i.USART_Cmd)
    USART_DeInit                             0x08005059   Thumb Code   134  stm32f10x_usart.o(i.USART_DeInit)
    USART_GetFlagStatus                      0x080050f5   Thumb Code    26  stm32f10x_usart.o(i.USART_GetFlagStatus)
    USART_GetITStatus                        0x0800510f   Thumb Code    84  stm32f10x_usart.o(i.USART_GetITStatus)
    USART_ITConfig                           0x08005163   Thumb Code    74  stm32f10x_usart.o(i.USART_ITConfig)
    USART_Init                               0x080051ad   Thumb Code   210  stm32f10x_usart.o(i.USART_Init)
    USART_ReceiveData                        0x08005285   Thumb Code    10  stm32f10x_usart.o(i.USART_ReceiveData)
    USART_SendData                           0x0800528f   Thumb Code     8  stm32f10x_usart.o(i.USART_SendData)
    Update_Clock_Display                     0x08005299   Thumb Code   190  main.o(i.Update_Clock_Display)
    Update_Sensor_Values                     0x08005385   Thumb Code  1276  main.o(i.Update_Sensor_Values)
    UsageFault_Handler                       0x08005881   Thumb Code     4  stm32f10x_it.o(i.UsageFault_Handler)
    __0printf$8                              0x08005885   Thumb Code    22  printf8.o(i.__0printf$8)
    __1printf$8                              0x08005885   Thumb Code     0  printf8.o(i.__0printf$8)
    __2printf                                0x08005885   Thumb Code     0  printf8.o(i.__0printf$8)
    __0sprintf$8                             0x080058a5   Thumb Code    34  printf8.o(i.__0sprintf$8)
    __1sprintf$8                             0x080058a5   Thumb Code     0  printf8.o(i.__0sprintf$8)
    __2sprintf                               0x080058a5   Thumb Code     0  printf8.o(i.__0sprintf$8)
    __0vsprintf                              0x080058cd   Thumb Code    30  printfa.o(i.__0vsprintf)
    __1vsprintf                              0x080058cd   Thumb Code     0  printfa.o(i.__0vsprintf)
    __2vsprintf                              0x080058cd   Thumb Code     0  printfa.o(i.__0vsprintf)
    __c89vsprintf                            0x080058cd   Thumb Code     0  printfa.o(i.__0vsprintf)
    vsprintf                                 0x080058cd   Thumb Code     0  printfa.o(i.__0vsprintf)
    __ARM_fpclassify                         0x080058f1   Thumb Code    40  fpclassify.o(i.__ARM_fpclassify)
    __aeabi_errno_addr                       0x08005919   Thumb Code     4  errno.o(i.__aeabi_errno_addr)
    __rt_errno_addr                          0x08005919   Thumb Code     0  errno.o(i.__aeabi_errno_addr)
    __ieee754_rem_pio2                       0x08005921   Thumb Code   828  rred.o(i.__ieee754_rem_pio2)
    __kernel_cos                             0x08005ca9   Thumb Code   230  cos_i.o(i.__kernel_cos)
    __kernel_poly                            0x08005da5   Thumb Code   170  poly.o(i.__kernel_poly)
    __kernel_sin                             0x08005e51   Thumb Code   224  sin_i.o(i.__kernel_sin)
    __mathlib_dbl_infnan                     0x08005f3d   Thumb Code     6  dunder.o(i.__mathlib_dbl_infnan)
    __mathlib_dbl_invalid                    0x08005f43   Thumb Code    12  dunder.o(i.__mathlib_dbl_invalid)
    __mathlib_dbl_underflow                  0x08005f51   Thumb Code    10  dunder.o(i.__mathlib_dbl_underflow)
    __scatterload_copy                       0x08005f61   Thumb Code    14  handlers.o(i.__scatterload_copy)
    __scatterload_null                       0x08005f6f   Thumb Code     2  handlers.o(i.__scatterload_null)
    __scatterload_zeroinit                   0x08005f71   Thumb Code    14  handlers.o(i.__scatterload_zeroinit)
    __set_errno                              0x08005f81   Thumb Code     6  errno.o(i.__set_errno)
    cos                                      0x08006cb5   Thumb Code   148  cos.o(i.cos)
    delay_ms                                 0x08006d51   Thumb Code    72  systick.o(i.delay_ms)
    delay_us                                 0x08006d9d   Thumb Code    72  systick.o(i.delay_us)
    draw_circle                              0x08006de9   Thumb Code    74  main.o(i.draw_circle)
    draw_dotline                             0x08006e35   Thumb Code   864  main.o(i.draw_dotline)
    draw_hand                                0x080071cd   Thumb Code   806  main.o(i.draw_hand)
    draw_hand_clear                          0x0800751d   Thumb Code   790  main.o(i.draw_hand_clear)
    fputc                                    0x0800785d   Thumb Code    32  usart.o(i.fputc)
    get_circle                               0x08007881   Thumb Code   198  main.o(i.get_circle)
    main                                     0x08007949   Thumb Code  2390  main.o(i.main)
    sin                                      0x08008395   Thumb Code   150  sin.o(i.sin)
    u3_printf                                0x08008435   Thumb Code    72  usart3.o(i.u3_printf)
    digit_colors                             0x08008484   Data          40  main.o(.constdata)
    CnChar32x29                              0x0800cc10   Data         472  tftlcd.o(.constdata)
    table_week                               0x0800cde8   Data          12  rtc.o(.constdata)
    mon_table                                0x0800cdf4   Data          12  rtc.o(.constdata)
    g_rgb_num_buf                            0x0800ce00   Data          80  ws2812.o(.constdata)
    rainbow_colors                           0x0800ce50   Data          48  ws2812.o(.constdata)
    heart_pattern                            0x0800ce80   Data           5  ws2812.o(.constdata)
    tone_freq_table                          0x0800ce86   Data          44  music.o(.constdata)
    song_little_star                         0x0800ceb2   Data         168  music.o(.constdata)
    song_little_star_length                  0x0800cf5a   Data           2  music.o(.constdata)
    song_happy_birthday                      0x0800cf5c   Data         100  music.o(.constdata)
    song_happy_birthday_length               0x0800cfc0   Data           2  music.o(.constdata)
    song_lanhua_grass                        0x0800cfc2   Data         224  music.o(.constdata)
    song_lanhua_grass_length                 0x0800d0a2   Data           2  music.o(.constdata)
    song_lanhua_grass_new                    0x0800d0a4   Data         116  music.o(.constdata)
    song_lanhua_grass_new_length             0x0800d118   Data           2  music.o(.constdata)
    song_lengths                             0x0800d11a   Data           6  music.o(.constdata)
    custom_char_patterns                     0x0800d120   Data          50  rgb_display.o(.constdata)
    display_colors                           0x0800d154   Data          40  rgb_display.o(.constdata)
    __ctype_table                            0x0800d2a0   Data         129  ctype_o.o(.constdata)
    Region$$Table$$Base                      0x0800d354   Number         0  anon$$obj.o(Region$$Table)
    Region$$Table$$Limit                     0x0800d374   Number         0  anon$$obj.o(Region$$Table)
    current_mode                             0x20000000   Data           1  main.o(.data)
    bt_initialized                           0x20000001   Data           1  main.o(.data)
    sendmask                                 0x20000002   Data           1  main.o(.data)
    sendcnt                                  0x20000003   Data           1  main.o(.data)
    beep_delay                               0x20000004   Data           2  main.o(.data)
    beep_timer_active                        0x20000006   Data           1  main.o(.data)
    heart_display_timer                      0x20000008   Data           2  main.o(.data)
    heart_display_active                     0x2000000a   Data           1  main.o(.data)
    beep_setting_mode                        0x2000000b   Data           1  main.o(.data)
    beep_setting_seconds                     0x2000000c   Data           2  main.o(.data)
    motor_power                              0x2000000e   Data           2  main.o(.data)
    motor_power_max                          0x20000010   Data           2  main.o(.data)
    motor_auto_control                       0x20000012   Data           1  main.o(.data)
    motor_timer                              0x20000014   Data           2  main.o(.data)
    motor_running                            0x20000016   Data           1  main.o(.data)
    last_light_status                        0x20000017   Data           1  main.o(.data)
    display_page                             0x20000018   Data           1  main.o(.data)
    idle_timer                               0x2000001a   Data           2  main.o(.data)
    idle_timeout                             0x2000001c   Data           2  main.o(.data)
    clock_mode_active                        0x2000001e   Data           1  main.o(.data)
    last_sec                                 0x2000001f   Data           1  main.o(.data)
    previous_mode                            0x20000020   Data           1  main.o(.data)
    FRONT_COLOR                              0x20000036   Data           2  tftlcd.o(.data)
    BACK_COLOR                               0x20000038   Data           2  tftlcd.o(.data)
    tftlcd_data                              0x2000003a   Data           8  tftlcd.o(.data)
    beep_period                              0x20000042   Data           2  beep.o(.data)
    beep_duty                                0x20000044   Data           2  beep.o(.data)
    beep_status                              0x20000046   Data           1  beep.o(.data)
    hw_jsm                                   0x20000048   Data           4  hwjs.o(.data)
    hw_jsbz                                  0x2000004c   Data           1  hwjs.o(.data)
    timebz                                   0x2000004e   Data           1  rtc.o(.data)
    USART3_RX_STA                            0x20000052   Data           2  usart3.o(.data)
    music_status                             0x20000054   Data           1  music.o(.data)
    current_song                             0x20000055   Data           1  music.o(.data)
    current_note                             0x20000056   Data           2  music.o(.data)
    note_timer                               0x20000058   Data           2  music.o(.data)
    total_songs                              0x2000005a   Data           1  music.o(.data)
    music_speed                              0x2000005b   Data           1  music.o(.data)
    new_music_status                         0x2000005c   Data           1  music.o(.data)
    new_current_note                         0x2000005e   Data           2  music.o(.data)
    new_note_timer                           0x20000060   Data           2  music.o(.data)
    song_list                                0x20000064   Data          12  music.o(.data)
    song_names                               0x20000070   Data          12  music.o(.data)
    USART1_RX_STA                            0x20000080   Data           2  usart.o(.data)
    __stdout                                 0x20000084   Data           4  stdout.o(.data)
    sendbuf                                  0x2000008c   Data          20  main.o(.bss)
    buf                                      0x200000a0   Data          32  main.o(.bss)
    calendar                                 0x200000c0   Data          10  rtc.o(.bss)
    g_rgb_databuf                            0x200000ca   Data          75  ws2812.o(.bss)
    USART3_RX_BUF                            0x20000115   Data         600  usart3.o(.bss)
    USART3_TX_BUF                            0x2000036d   Data         600  usart3.o(.bss)
    USART1_RX_BUF                            0x200005c5   Data         200  usart.o(.bss)
    __initial_sp                             0x20000a90   Data           0  startup_stm32f10x_hd.o(STACK)



==============================================================================

Memory Map of the image

  Image Entry point : 0x08000131

  Load Region LR_IROM1 (Base: 0x08000000, Size: 0x0000d400, Max: 0x00080000, ABSOLUTE)

    Execution Region ER_IROM1 (Exec base: 0x08000000, Load base: 0x08000000, Size: 0x0000d374, Max: 0x00080000, ABSOLUTE)

    Exec Addr    Load Addr    Size         Type   Attr      Idx    E Section Name        Object

    0x08000000   0x08000000   0x00000130   Data   RO          398    RESET               startup_stm32f10x_hd.o
    0x08000130   0x08000130   0x00000000   Code   RO         4486  * .ARM.Collect$$$$00000000  mc_w.l(entry.o)
    0x08000130   0x08000130   0x00000004   Code   RO         4804    .ARM.Collect$$$$00000001  mc_w.l(entry2.o)
    0x08000134   0x08000134   0x00000004   Code   RO         4807    .ARM.Collect$$$$00000004  mc_w.l(entry5.o)
    0x08000138   0x08000138   0x00000000   Code   RO         4809    .ARM.Collect$$$$00000008  mc_w.l(entry7b.o)
    0x08000138   0x08000138   0x00000000   Code   RO         4811    .ARM.Collect$$$$0000000A  mc_w.l(entry8b.o)
    0x08000138   0x08000138   0x00000008   Code   RO         4812    .ARM.Collect$$$$0000000B  mc_w.l(entry9a.o)
    0x08000140   0x08000140   0x00000000   Code   RO         4814    .ARM.Collect$$$$0000000D  mc_w.l(entry10a.o)
    0x08000140   0x08000140   0x00000000   Code   RO         4816    .ARM.Collect$$$$0000000F  mc_w.l(entry11a.o)
    0x08000140   0x08000140   0x00000004   Code   RO         4805    .ARM.Collect$$$$00002712  mc_w.l(entry2.o)
    0x08000144   0x08000144   0x00000024   Code   RO          399    .text               startup_stm32f10x_hd.o
    0x08000168   0x08000168   0x00000024   Code   RO         4489    .text               mc_w.l(memcpya.o)
    0x0800018c   0x0800018c   0x0000000e   Code   RO         4491    .text               mc_w.l(strlen.o)
    0x0800019a   0x0800019a   0x0000001c   Code   RO         4493    .text               mc_w.l(strcmp.o)
    0x080001b6   0x080001b6   0x0000001e   Code   RO         4495    .text               mc_w.l(strncmp.o)
    0x080001d4   0x080001d4   0x0000001a   Code   RO         4760    .text               mc_w.l(atoi.o)
    0x080001ee   0x080001ee   0x0000014e   Code   RO         4762    .text               mf_w.l(dadd.o)
    0x0800033c   0x0800033c   0x000000e4   Code   RO         4764    .text               mf_w.l(dmul.o)
    0x08000420   0x08000420   0x000000de   Code   RO         4766    .text               mf_w.l(ddiv.o)
    0x080004fe   0x080004fe   0x00000022   Code   RO         4768    .text               mf_w.l(dflti.o)
    0x08000520   0x08000520   0x0000001a   Code   RO         4770    .text               mf_w.l(dfltui.o)
    0x0800053a   0x0800053a   0x0000003e   Code   RO         4772    .text               mf_w.l(dfixi.o)
    0x08000578   0x08000578   0x0000002c   Code   RO         4819    .text               mc_w.l(uidiv.o)
    0x080005a4   0x080005a4   0x00000062   Code   RO         4821    .text               mc_w.l(uldiv.o)
    0x08000606   0x08000606   0x0000001e   Code   RO         4823    .text               mc_w.l(llshl.o)
    0x08000624   0x08000624   0x00000020   Code   RO         4825    .text               mc_w.l(llushr.o)
    0x08000644   0x08000644   0x00000024   Code   RO         4827    .text               mc_w.l(llsshr.o)
    0x08000668   0x08000668   0x00000070   Code   RO         4836    .text               mc_w.l(strtol.o)
    0x080006d8   0x080006d8   0x00000000   Code   RO         4838    .text               mc_w.l(iusefp.o)
    0x080006d8   0x080006d8   0x000000ba   Code   RO         4839    .text               mf_w.l(depilogue.o)
    0x08000792   0x08000792   0x00000030   Code   RO         4841    .text               mf_w.l(dfixul.o)
    0x080007c2   0x080007c2   0x00000002   PAD
    0x080007c4   0x080007c4   0x00000030   Code   RO         4843    .text               mf_w.l(cdrcmple.o)
    0x080007f4   0x080007f4   0x00000024   Code   RO         4849    .text               mc_w.l(init.o)
    0x08000818   0x08000818   0x00000008   Code   RO         4851    .text               mc_w.l(ctype_o.o)
    0x08000820   0x08000820   0x0000009e   Code   RO         4879    .text               mc_w.l(_strtoul.o)
    0x080008be   0x080008be   0x0000002e   Code   RO         4881    .text               mf_w.l(dscalb.o)
    0x080008ec   0x080008ec   0x0000001c   Code   RO         4883    .text               mc_w.l(_chval.o)
    0x08000908   0x08000908   0x00000016   Code   RO         1776    i.ADC_Cmd           stm32f10x_adc.o
    0x0800091e   0x0800091e   0x00000002   PAD
    0x08000920   0x08000920   0x0000005c   Code   RO         1778    i.ADC_DeInit        stm32f10x_adc.o
    0x0800097c   0x0800097c   0x00000014   Code   RO         1784    i.ADC_GetCalibrationStatus  stm32f10x_adc.o
    0x08000990   0x08000990   0x00000008   Code   RO         1785    i.ADC_GetConversionValue  stm32f10x_adc.o
    0x08000998   0x08000998   0x00000012   Code   RO         1787    i.ADC_GetFlagStatus  stm32f10x_adc.o
    0x080009aa   0x080009aa   0x00000014   Code   RO         1790    i.ADC_GetResetCalibrationStatus  stm32f10x_adc.o
    0x080009be   0x080009be   0x00000002   PAD
    0x080009c0   0x080009c0   0x00000050   Code   RO         1794    i.ADC_Init          stm32f10x_adc.o
    0x08000a10   0x08000a10   0x000000b8   Code   RO         1798    i.ADC_RegularChannelConfig  stm32f10x_adc.o
    0x08000ac8   0x08000ac8   0x0000000a   Code   RO         1799    i.ADC_ResetCalibration  stm32f10x_adc.o
    0x08000ad2   0x08000ad2   0x00000016   Code   RO         1801    i.ADC_SoftwareStartConvCmd  stm32f10x_adc.o
    0x08000ae8   0x08000ae8   0x0000000a   Code   RO         1803    i.ADC_StartCalibration  stm32f10x_adc.o
    0x08000af2   0x08000af2   0x00000002   PAD
    0x08000af4   0x08000af4   0x000000a4   Code   RO         3778    i.BEEP_Init         beep.o
    0x08000b98   0x08000b98   0x0000001c   Code   RO         3779    i.BEEP_Off          beep.o
    0x08000bb4   0x08000bb4   0x00000030   Code   RO         3780    i.BEEP_On           beep.o
    0x08000be4   0x08000be4   0x00000010   Code   RO         1634    i.BKP_DeInit        stm32f10x_bkp.o
    0x08000bf4   0x08000bf4   0x0000001c   Code   RO         1639    i.BKP_ReadBackupRegister  stm32f10x_bkp.o
    0x08000c10   0x08000c10   0x0000001c   Code   RO         1643    i.BKP_WriteBackupRegister  stm32f10x_bkp.o
    0x08000c2c   0x08000c2c   0x00000004   Code   RO          311    i.BusFault_Handler  stm32f10x_it.o
    0x08000c30   0x08000c30   0x000000ac   Code   RO            1    i.Check_Clock_Mode_Activity  main.o
    0x08000cdc   0x08000cdc   0x00000050   Code   RO         3830    i.DHT11_Check       dht11.o
    0x08000d2c   0x08000d2c   0x00000020   Code   RO         3831    i.DHT11_IO_IN       dht11.o
    0x08000d4c   0x08000d4c   0x00000024   Code   RO         3832    i.DHT11_IO_OUT      dht11.o
    0x08000d70   0x08000d70   0x00000040   Code   RO         3833    i.DHT11_Init        dht11.o
    0x08000db0   0x08000db0   0x0000004c   Code   RO         3834    i.DHT11_Read_Bit    dht11.o
    0x08000dfc   0x08000dfc   0x0000001e   Code   RO         3835    i.DHT11_Read_Byte   dht11.o
    0x08000e1a   0x08000e1a   0x00000058   Code   RO         3836    i.DHT11_Read_Data   dht11.o
    0x08000e72   0x08000e72   0x00000002   PAD
    0x08000e74   0x08000e74   0x0000002c   Code   RO         3837    i.DHT11_Rst         dht11.o
    0x08000ea0   0x08000ea0   0x00000002   Code   RO          312    i.DebugMon_Handler  stm32f10x_it.o
    0x08000ea2   0x08000ea2   0x00000002   PAD
    0x08000ea4   0x08000ea4   0x00000044   Code   RO            2    i.Display_SmartMaster_Title  main.o
    0x08000ee8   0x08000ee8   0x0000008c   Code   RO         3887    i.EXTI9_5_IRQHandler  hwjs.o
    0x08000f74   0x08000f74   0x0000000c   Code   RO          755    i.EXTI_ClearITPendingBit  stm32f10x_exti.o
    0x08000f80   0x08000f80   0x00000094   Code   RO          760    i.EXTI_Init         stm32f10x_exti.o
    0x08001014   0x08001014   0x000000a0   Code   RO            3    i.Exit_Clock_Mode   main.o
    0x080010b4   0x080010b4   0x00000034   Code   RO         2638    i.FSMC_NORSRAMCmd   stm32f10x_fsmc.o
    0x080010e8   0x080010e8   0x000000e6   Code   RO         2640    i.FSMC_NORSRAMInit  stm32f10x_fsmc.o
    0x080011ce   0x080011ce   0x00000002   PAD
    0x080011d0   0x080011d0   0x00000040   Code   RO          407    i.GPIO_EXTILineConfig  stm32f10x_gpio.o
    0x08001210   0x08001210   0x00000116   Code   RO          410    i.GPIO_Init         stm32f10x_gpio.o
    0x08001326   0x08001326   0x00000002   PAD
    0x08001328   0x08001328   0x00000090   Code   RO          412    i.GPIO_PinRemapConfig  stm32f10x_gpio.o
    0x080013b8   0x080013b8   0x00000012   Code   RO          414    i.GPIO_ReadInputDataBit  stm32f10x_gpio.o
    0x080013ca   0x080013ca   0x00000004   Code   RO          417    i.GPIO_ResetBits    stm32f10x_gpio.o
    0x080013ce   0x080013ce   0x00000004   Code   RO          418    i.GPIO_SetBits      stm32f10x_gpio.o
    0x080013d2   0x080013d2   0x00000002   PAD
    0x080013d4   0x080013d4   0x00000034   Code   RO         3430    i.Get_ADC3          lsens.o
    0x08001408   0x08001408   0x00000098   Code   RO         4189    i.HC05_Get_Role     hc05.o
    0x080014a0   0x080014a0   0x00000104   Code   RO         4190    i.HC05_Init         hc05.o
    0x080015a4   0x080015a4   0x00000050   Code   RO            4    i.HC05_Role_Show    main.o
    0x080015f4   0x080015f4   0x0000009c   Code   RO         4191    i.HC05_Set_Cmd      hc05.o
    0x08001690   0x08001690   0x00000058   Code   RO            5    i.HC05_Sta_Show     main.o
    0x080016e8   0x080016e8   0x00000030   Code   RO         3888    i.HW_jssj           hwjs.o
    0x08001718   0x08001718   0x00000004   Code   RO          313    i.HardFault_Handler  stm32f10x_it.o
    0x0800171c   0x0800171c   0x00000070   Code   RO         3889    i.Hwjs_Init         hwjs.o
    0x0800178c   0x0800178c   0x000000e0   Code   RO            6    i.Init_Clock_Display  main.o
    0x0800186c   0x0800186c   0x00000164   Code   RO            7    i.Init_Sensor_Info_Layout  main.o
    0x080019d0   0x080019d0   0x00000290   Code   RO            8    i.Initialize_Bluetooth  main.o
    0x08001c60   0x08001c60   0x0000003a   Code   RO         3981    i.Is_Leap_Year      rtc.o
    0x08001c9a   0x08001c9a   0x00000002   PAD
    0x08001c9c   0x08001c9c   0x0000003c   Code   RO         3918    i.KEY_Init          key.o
    0x08001cd8   0x08001cd8   0x000000a0   Code   RO         3919    i.KEY_Scan          key.o
    0x08001d78   0x08001d78   0x00000048   Code   RO         3457    i.LCD_Clear         tftlcd.o
    0x08001dc0   0x08001dc0   0x00000048   Code   RO         3459    i.LCD_Display_Dir   tftlcd.o
    0x08001e08   0x08001e08   0x0000001c   Code   RO         3460    i.LCD_DrawFRONT_COLOR  tftlcd.o
    0x08001e24   0x08001e24   0x000000b0   Code   RO         3461    i.LCD_DrawLine      tftlcd.o
    0x08001ed4   0x08001ed4   0x00000020   Code   RO         3463    i.LCD_DrawPoint     tftlcd.o
    0x08001ef4   0x08001ef4   0x0000005c   Code   RO         3467    i.LCD_Fill          tftlcd.o
    0x08001f50   0x08001f50   0x0000000c   Code   RO         3470    i.LCD_ReadData      tftlcd.o
    0x08001f5c   0x08001f5c   0x0000004a   Code   RO         3473    i.LCD_Set_Window    tftlcd.o
    0x08001fa6   0x08001fa6   0x00000002   PAD
    0x08001fa8   0x08001fa8   0x00000128   Code   RO         3474    i.LCD_ShowChar      tftlcd.o
    0x080020d0   0x080020d0   0x00000066   Code   RO         3478    i.LCD_ShowString    tftlcd.o
    0x08002136   0x08002136   0x00000002   PAD
    0x08002138   0x08002138   0x0000000c   Code   RO         3480    i.LCD_WriteCmd      tftlcd.o
    0x08002144   0x08002144   0x0000000c   Code   RO         3482    i.LCD_WriteData     tftlcd.o
    0x08002150   0x08002150   0x00000010   Code   RO         3483    i.LCD_WriteData_Color  tftlcd.o
    0x08002160   0x08002160   0x0000004c   Code   RO         3415    i.LED_Init          led.o
    0x080021ac   0x080021ac   0x0000003c   Code   RO         3431    i.Lsens_Get_Val     lsens.o
    0x080021e8   0x080021e8   0x000000a0   Code   RO         3432    i.Lsens_Init        lsens.o
    0x08002288   0x08002288   0x00000004   Code   RO          314    i.MemManage_Handler  stm32f10x_it.o
    0x0800228c   0x0800228c   0x00000030   Code   RO         4296    i.Music_Init        music.o
    0x080022bc   0x080022bc   0x00000048   Code   RO         4297    i.Music_Next_Song   music.o
    0x08002304   0x08002304   0x00000030   Code   RO         4298    i.Music_Pause       music.o
    0x08002334   0x08002334   0x000000b8   Code   RO         4299    i.Music_Play_Lanhua_Grass_New  music.o
    0x080023ec   0x080023ec   0x000000b0   Code   RO         4300    i.Music_Play_Song   music.o
    0x0800249c   0x0800249c   0x0000004c   Code   RO         4301    i.Music_Prev_Song   music.o
    0x080024e8   0x080024e8   0x00000090   Code   RO         4302    i.Music_Resume      music.o
    0x08002578   0x08002578   0x00000038   Code   RO         4303    i.Music_Stop        music.o
    0x080025b0   0x080025b0   0x00000150   Code   RO         4304    i.Music_Update      music.o
    0x08002700   0x08002700   0x00000194   Code   RO         4305    i.Music_Update_New_Format  music.o
    0x08002894   0x08002894   0x00000002   Code   RO          315    i.NMI_Handler       stm32f10x_it.o
    0x08002896   0x08002896   0x00000002   PAD
    0x08002898   0x08002898   0x00000070   Code   RO          718    i.NVIC_Init         misc.o
    0x08002908   0x08002908   0x00000014   Code   RO          719    i.NVIC_PriorityGroupConfig  misc.o
    0x0800291c   0x0800291c   0x0000000c   Code   RO         1710    i.PWR_BackupAccessCmd  stm32f10x_pwr.o
    0x08002928   0x08002928   0x00000002   Code   RO          316    i.PendSV_Handler    stm32f10x_it.o
    0x0800292a   0x0800292a   0x00000002   PAD
    0x0800292c   0x0800292c   0x0000018c   Code   RO            9    i.Process_BT_Command  main.o
    0x08002ab8   0x08002ab8   0x00000738   Code   RO           10    i.Process_IR_Command  main.o
    0x080031f0   0x080031f0   0x00000020   Code   RO          519    i.RCC_AHBPeriphClockCmd  stm32f10x_rcc.o
    0x08003210   0x08003210   0x00000020   Code   RO          520    i.RCC_APB1PeriphClockCmd  stm32f10x_rcc.o
    0x08003230   0x08003230   0x00000020   Code   RO          521    i.RCC_APB1PeriphResetCmd  stm32f10x_rcc.o
    0x08003250   0x08003250   0x00000020   Code   RO          522    i.RCC_APB2PeriphClockCmd  stm32f10x_rcc.o
    0x08003270   0x08003270   0x00000020   Code   RO          523    i.RCC_APB2PeriphResetCmd  stm32f10x_rcc.o
    0x08003290   0x08003290   0x0000000c   Code   RO          525    i.RCC_BackupResetCmd  stm32f10x_rcc.o
    0x0800329c   0x0800329c   0x000000d4   Code   RO          530    i.RCC_GetClocksFreq  stm32f10x_rcc.o
    0x08003370   0x08003370   0x0000003c   Code   RO          531    i.RCC_GetFlagStatus  stm32f10x_rcc.o
    0x080033ac   0x080033ac   0x00000034   Code   RO          538    i.RCC_LSEConfig     stm32f10x_rcc.o
    0x080033e0   0x080033e0   0x0000000c   Code   RO          545    i.RCC_RTCCLKCmd     stm32f10x_rcc.o
    0x080033ec   0x080033ec   0x00000010   Code   RO          546    i.RCC_RTCCLKConfig  stm32f10x_rcc.o
    0x080033fc   0x080033fc   0x00000048   Code   RO         4042    i.RGB_Buffer_Clear  ws2812.o
    0x08003444   0x08003444   0x0000005c   Code   RO         4043    i.RGB_DrawDotColor  ws2812.o
    0x080034a0   0x080034a0   0x00000012   Code   RO         4048    i.RGB_LED_Clear     ws2812.o
    0x080034b2   0x080034b2   0x00000002   PAD
    0x080034b4   0x080034b4   0x00000110   Code   RO           11    i.RGB_LED_Demo      main.o
    0x080035c4   0x080035c4   0x00000038   Code   RO         4050    i.RGB_LED_Init      ws2812.o
    0x080035fc   0x080035fc   0x00000020   Code   RO         4052    i.RGB_LED_Reset     ws2812.o
    0x0800361c   0x0800361c   0x00000070   Code   RO         4053    i.RGB_LED_Write0    ws2812.o
    0x0800368c   0x0800368c   0x00000070   Code   RO         4054    i.RGB_LED_Write1    ws2812.o
    0x080036fc   0x080036fc   0x0000001c   Code   RO         4055    i.RGB_LED_Write_24Bits  ws2812.o
    0x08003718   0x08003718   0x00000026   Code   RO         4056    i.RGB_LED_Write_Byte  ws2812.o
    0x0800373e   0x0800373e   0x00000002   PAD
    0x08003740   0x08003740   0x0000004c   Code   RO         4057    i.RGB_Screen_Update  ws2812.o
    0x0800378c   0x0800378c   0x00000040   Code   RO         4058    i.RGB_Set_Pixel     ws2812.o
    0x080037cc   0x080037cc   0x0000017c   Code   RO         4060    i.RGB_ShowCharNum_Debug  ws2812.o
    0x08003948   0x08003948   0x0000005c   Code   RO         4372    i.RGB_ShowCustomChar  rgb_display.o
    0x080039a4   0x080039a4   0x00000060   Code   RO         4061    i.RGB_ShowHeart     ws2812.o
    0x08003a04   0x08003a04   0x00000074   Code   RO         4062    i.RGB_ShowTest      ws2812.o
    0x08003a78   0x08003a78   0x00000010   Code   RO         2952    i.RTC_ClearITPendingBit  stm32f10x_rtc.o
    0x08003a88   0x08003a88   0x00000014   Code   RO         2953    i.RTC_EnterConfigMode  stm32f10x_rtc.o
    0x08003a9c   0x08003a9c   0x00000014   Code   RO         2954    i.RTC_ExitConfigMode  stm32f10x_rtc.o
    0x08003ab0   0x08003ab0   0x00000100   Code   RO         3983    i.RTC_Get           rtc.o
    0x08003bb0   0x08003bb0   0x00000014   Code   RO         2955    i.RTC_GetCounter    stm32f10x_rtc.o
    0x08003bc4   0x08003bc4   0x00000024   Code   RO         2958    i.RTC_GetITStatus   stm32f10x_rtc.o
    0x08003be8   0x08003be8   0x00000078   Code   RO         3984    i.RTC_Get_Week      rtc.o
    0x08003c60   0x08003c60   0x00000038   Code   RO         3985    i.RTC_IRQHandler    rtc.o
    0x08003c98   0x08003c98   0x00000020   Code   RO         2959    i.RTC_ITConfig      stm32f10x_rtc.o
    0x08003cb8   0x08003cb8   0x000000c0   Code   RO         3986    i.RTC_Init          rtc.o
    0x08003d78   0x08003d78   0x00000020   Code   RO         3987    i.RTC_NVIC_Config   rtc.o
    0x08003d98   0x08003d98   0x000000c8   Code   RO         3988    i.RTC_Set           rtc.o
    0x08003e60   0x08003e60   0x0000001c   Code   RO         2961    i.RTC_SetCounter    stm32f10x_rtc.o
    0x08003e7c   0x08003e7c   0x00000020   Code   RO         2962    i.RTC_SetPrescaler  stm32f10x_rtc.o
    0x08003e9c   0x08003e9c   0x00000014   Code   RO         2963    i.RTC_WaitForLastTask  stm32f10x_rtc.o
    0x08003eb0   0x08003eb0   0x00000024   Code   RO         2964    i.RTC_WaitForSynchro  stm32f10x_rtc.o
    0x08003ed4   0x08003ed4   0x0000000c   Code   RO           12    i.Reset_Idle_Timer  main.o
    0x08003ee0   0x08003ee0   0x00000002   Code   RO          317    i.SVC_Handler       stm32f10x_it.o
    0x08003ee2   0x08003ee2   0x00000008   Code   RO         3371    i.SetSysClock       system_stm32f10x.o
    0x08003eea   0x08003eea   0x00000002   PAD
    0x08003eec   0x08003eec   0x000000e0   Code   RO         3372    i.SetSysClockTo72   system_stm32f10x.o
    0x08003fcc   0x08003fcc   0x00000214   Code   RO           13    i.Show_BT_Info      main.o
    0x080041e0   0x080041e0   0x00000390   Code   RO           14    i.Show_Help_Page    main.o
    0x08004570   0x08004570   0x00000018   Code   RO           15    i.Show_Sensor_Info  main.o
    0x08004588   0x08004588   0x00000028   Code   RO          722    i.SysTick_CLKSourceConfig  misc.o
    0x080045b0   0x080045b0   0x00000002   Code   RO          318    i.SysTick_Handler   stm32f10x_it.o
    0x080045b2   0x080045b2   0x00000002   PAD
    0x080045b4   0x080045b4   0x0000003c   Code   RO         4410    i.SysTick_Init      systick.o
    0x080045f0   0x080045f0   0x00000060   Code   RO         3374    i.SystemInit        system_stm32f10x.o
    0x08004650   0x08004650   0x0000007e   Code   RO         3484    i.TFTLCD_FSMC_Init  tftlcd.o
    0x080046ce   0x080046ce   0x00000002   PAD
    0x080046d0   0x080046d0   0x00000098   Code   RO         3485    i.TFTLCD_GPIO_Init  tftlcd.o
    0x08004768   0x08004768   0x00000254   Code   RO         3486    i.TFTLCD_Init       tftlcd.o
    0x080049bc   0x080049bc   0x000000a0   Code   RO         3944    i.TIM3_CH2_PWM_Init  pwm.o
    0x08004a5c   0x08004a5c   0x00000030   Code   RO         4262    i.TIM4_IRQHandler   time.o
    0x08004a8c   0x08004a8c   0x00000034   Code   RO         4264    i.TIM7_IRQHandler   time.o
    0x08004ac0   0x08004ac0   0x00000060   Code   RO         4265    i.TIM7_Int_Init     time.o
    0x08004b20   0x08004b20   0x00000018   Code   RO          812    i.TIM_ARRPreloadConfig  stm32f10x_tim.o
    0x08004b38   0x08004b38   0x00000006   Code   RO          819    i.TIM_ClearITPendingBit  stm32f10x_tim.o
    0x08004b3e   0x08004b3e   0x00000018   Code   RO          824    i.TIM_Cmd           stm32f10x_tim.o
    0x08004b56   0x08004b56   0x00000022   Code   RO          845    i.TIM_GetITStatus   stm32f10x_tim.o
    0x08004b78   0x08004b78   0x00000012   Code   RO          849    i.TIM_ITConfig      stm32f10x_tim.o
    0x08004b8a   0x08004b8a   0x00000002   PAD
    0x08004b8c   0x08004b8c   0x000000a4   Code   RO          858    i.TIM_OC2Init       stm32f10x_tim.o
    0x08004c30   0x08004c30   0x0000001a   Code   RO          861    i.TIM_OC2PreloadConfig  stm32f10x_tim.o
    0x08004c4a   0x08004c4a   0x00000002   PAD
    0x08004c4c   0x08004c4c   0x000000a0   Code   RO          863    i.TIM_OC3Init       stm32f10x_tim.o
    0x08004cec   0x08004cec   0x00000012   Code   RO          866    i.TIM_OC3PreloadConfig  stm32f10x_tim.o
    0x08004cfe   0x08004cfe   0x00000004   Code   RO          883    i.TIM_SetAutoreload  stm32f10x_tim.o
    0x08004d02   0x08004d02   0x00000004   Code   RO          886    i.TIM_SetCompare2   stm32f10x_tim.o
    0x08004d06   0x08004d06   0x00000004   Code   RO          887    i.TIM_SetCompare3   stm32f10x_tim.o
    0x08004d0a   0x08004d0a   0x00000004   Code   RO          889    i.TIM_SetCounter    stm32f10x_tim.o
    0x08004d0e   0x08004d0e   0x00000002   PAD
    0x08004d10   0x08004d10   0x000000a4   Code   RO          895    i.TIM_TimeBaseInit  stm32f10x_tim.o
    0x08004db4   0x08004db4   0x00000088   Code   RO         4439    i.USART1_IRQHandler  usart.o
    0x08004e3c   0x08004e3c   0x000000b0   Code   RO         4440    i.USART1_Init       usart.o
    0x08004eec   0x08004eec   0x00000070   Code   RO         4221    i.USART3_IRQHandler  usart3.o
    0x08004f5c   0x08004f5c   0x000000d0   Code   RO         4222    i.USART3_Init       usart3.o
    0x0800502c   0x0800502c   0x00000012   Code   RO         1356    i.USART_ClearFlag   stm32f10x_usart.o
    0x0800503e   0x0800503e   0x00000018   Code   RO         1360    i.USART_Cmd         stm32f10x_usart.o
    0x08005056   0x08005056   0x00000002   PAD
    0x08005058   0x08005058   0x0000009c   Code   RO         1362    i.USART_DeInit      stm32f10x_usart.o
    0x080050f4   0x080050f4   0x0000001a   Code   RO         1363    i.USART_GetFlagStatus  stm32f10x_usart.o
    0x0800510e   0x0800510e   0x00000054   Code   RO         1364    i.USART_GetITStatus  stm32f10x_usart.o
    0x08005162   0x08005162   0x0000004a   Code   RO         1366    i.USART_ITConfig    stm32f10x_usart.o
    0x080051ac   0x080051ac   0x000000d8   Code   RO         1367    i.USART_Init        stm32f10x_usart.o
    0x08005284   0x08005284   0x0000000a   Code   RO         1374    i.USART_ReceiveData  stm32f10x_usart.o
    0x0800528e   0x0800528e   0x00000008   Code   RO         1377    i.USART_SendData    stm32f10x_usart.o
    0x08005296   0x08005296   0x00000002   PAD
    0x08005298   0x08005298   0x000000ec   Code   RO           16    i.Update_Clock_Display  main.o
    0x08005384   0x08005384   0x000004fc   Code   RO           17    i.Update_Sensor_Values  main.o
    0x08005880   0x08005880   0x00000004   Code   RO          319    i.UsageFault_Handler  stm32f10x_it.o
    0x08005884   0x08005884   0x00000020   Code   RO         4706    i.__0printf$8       mc_w.l(printf8.o)
    0x080058a4   0x080058a4   0x00000028   Code   RO         4708    i.__0sprintf$8      mc_w.l(printf8.o)
    0x080058cc   0x080058cc   0x00000024   Code   RO         4738    i.__0vsprintf       mc_w.l(printfa.o)
    0x080058f0   0x080058f0   0x00000028   Code   RO         4845    i.__ARM_fpclassify  m_ws.l(fpclassify.o)
    0x08005918   0x08005918   0x00000008   Code   RO         4829    i.__aeabi_errno_addr  mc_w.l(errno.o)
    0x08005920   0x08005920   0x00000388   Code   RO         4793    i.__ieee754_rem_pio2  m_ws.l(rred.o)
    0x08005ca8   0x08005ca8   0x000000fc   Code   RO         4776    i.__kernel_cos      m_ws.l(cos_i.o)
    0x08005da4   0x08005da4   0x000000aa   Code   RO         4847    i.__kernel_poly     m_ws.l(poly.o)
    0x08005e4e   0x08005e4e   0x00000002   PAD
    0x08005e50   0x08005e50   0x000000ec   Code   RO         4798    i.__kernel_sin      m_ws.l(sin_i.o)
    0x08005f3c   0x08005f3c   0x00000006   Code   RO         4780    i.__mathlib_dbl_infnan  m_ws.l(dunder.o)
    0x08005f42   0x08005f42   0x0000000c   Code   RO         4782    i.__mathlib_dbl_invalid  m_ws.l(dunder.o)
    0x08005f4e   0x08005f4e   0x00000002   PAD
    0x08005f50   0x08005f50   0x00000010   Code   RO         4785    i.__mathlib_dbl_underflow  m_ws.l(dunder.o)
    0x08005f60   0x08005f60   0x0000000e   Code   RO         4887    i.__scatterload_copy  mc_w.l(handlers.o)
    0x08005f6e   0x08005f6e   0x00000002   Code   RO         4888    i.__scatterload_null  mc_w.l(handlers.o)
    0x08005f70   0x08005f70   0x0000000e   Code   RO         4889    i.__scatterload_zeroinit  mc_w.l(handlers.o)
    0x08005f7e   0x08005f7e   0x00000002   PAD
    0x08005f80   0x08005f80   0x0000000c   Code   RO         4831    i.__set_errno       mc_w.l(errno.o)
    0x08005f8c   0x08005f8c   0x00000184   Code   RO         4739    i._fp_digits        mc_w.l(printfa.o)
    0x08006110   0x08006110   0x00000410   Code   RO         4713    i._printf_core      mc_w.l(printf8.o)
    0x08006520   0x08006520   0x000006dc   Code   RO         4740    i._printf_core      mc_w.l(printfa.o)
    0x08006bfc   0x08006bfc   0x00000024   Code   RO         4714    i._printf_post_padding  mc_w.l(printf8.o)
    0x08006c20   0x08006c20   0x00000024   Code   RO         4741    i._printf_post_padding  mc_w.l(printfa.o)
    0x08006c44   0x08006c44   0x0000002e   Code   RO         4715    i._printf_pre_padding  mc_w.l(printf8.o)
    0x08006c72   0x08006c72   0x0000002e   Code   RO         4742    i._printf_pre_padding  mc_w.l(printfa.o)
    0x08006ca0   0x08006ca0   0x0000000a   Code   RO         4717    i._sputc            mc_w.l(printf8.o)
    0x08006caa   0x08006caa   0x0000000a   Code   RO         4744    i._sputc            mc_w.l(printfa.o)
    0x08006cb4   0x08006cb4   0x0000009c   Code   RO         4471    i.cos               m_ws.l(cos.o)
    0x08006d50   0x08006d50   0x0000004c   Code   RO         4411    i.delay_ms          systick.o
    0x08006d9c   0x08006d9c   0x0000004c   Code   RO         4412    i.delay_us          systick.o
    0x08006de8   0x08006de8   0x0000004a   Code   RO           18    i.draw_circle       main.o
    0x08006e32   0x08006e32   0x00000002   PAD
    0x08006e34   0x08006e34   0x00000398   Code   RO           19    i.draw_dotline      main.o
    0x080071cc   0x080071cc   0x00000350   Code   RO           20    i.draw_hand         main.o
    0x0800751c   0x0800751c   0x00000340   Code   RO           21    i.draw_hand_clear   main.o
    0x0800785c   0x0800785c   0x00000024   Code   RO         4441    i.fputc             usart.o
    0x08007880   0x08007880   0x000000c6   Code   RO           22    i.get_circle        main.o
    0x08007946   0x08007946   0x00000002   PAD
    0x08007948   0x08007948   0x00000a4c   Code   RO           23    i.main              main.o
    0x08008394   0x08008394   0x000000a0   Code   RO         4479    i.sin               m_ws.l(sin.o)
    0x08008434   0x08008434   0x00000050   Code   RO         4223    i.u3_printf         usart3.o
    0x08008484   0x08008484   0x0000004c   Data   RO           25    .constdata          main.o
    0x080084d0   0x080084d0   0x00004918   Data   RO         3487    .constdata          tftlcd.o
    0x0800cde8   0x0800cde8   0x00000018   Data   RO         3990    .constdata          rtc.o
    0x0800ce00   0x0800ce00   0x00000085   Data   RO         4065    .constdata          ws2812.o
    0x0800ce85   0x0800ce85   0x00000001   PAD
    0x0800ce86   0x0800ce86   0x0000029a   Data   RO         4306    .constdata          music.o
    0x0800d120   0x0800d120   0x0000005c   Data   RO         4374    .constdata          rgb_display.o
    0x0800d17c   0x0800d17c   0x00000004   PAD
    0x0800d180   0x0800d180   0x00000030   Data   RO         4777    .constdata          m_ws.l(cos_i.o)
    0x0800d1b0   0x0800d1b0   0x000000c8   Data   RO         4795    .constdata          m_ws.l(rred.o)
    0x0800d278   0x0800d278   0x00000028   Data   RO         4799    .constdata          m_ws.l(sin_i.o)
    0x0800d2a0   0x0800d2a0   0x00000081   Data   RO         4852    .constdata          mc_w.l(ctype_o.o)
    0x0800d321   0x0800d321   0x00000003   PAD
    0x0800d324   0x0800d324   0x00000004   Data   RO         4853    .constdata          mc_w.l(ctype_o.o)
    0x0800d328   0x0800d328   0x0000002b   Data   RO         4307    .conststring        music.o
    0x0800d353   0x0800d353   0x00000001   PAD
    0x0800d354   0x0800d354   0x00000020   Data   RO         4885    Region$$Table       anon$$obj.o


    Execution Region RW_IRAM1 (Exec base: 0x20000000, Load base: 0x0800d374, Size: 0x00000a90, Max: 0x00010000, ABSOLUTE)

    Exec Addr    Load Addr    Size         Type   Attr      Idx    E Section Name        Object

    0x20000000   0x0800d374   0x00000021   Data   RW           26    .data               main.o
    0x20000021   0x0800d395   0x00000014   Data   RW          550    .data               stm32f10x_rcc.o
    0x20000035   0x0800d3a9   0x00000001   PAD
    0x20000036   0x0800d3aa   0x0000000c   Data   RW         3488    .data               tftlcd.o
    0x20000042   0x0800d3b6   0x00000005   Data   RW         3784    .data               beep.o
    0x20000047   0x0800d3bb   0x00000001   PAD
    0x20000048   0x0800d3bc   0x00000005   Data   RW         3890    .data               hwjs.o
    0x2000004d   0x0800d3c1   0x00000001   Data   RW         3920    .data               key.o
    0x2000004e   0x0800d3c2   0x00000004   Data   RW         3991    .data               rtc.o
    0x20000052   0x0800d3c6   0x00000002   Data   RW         4225    .data               usart3.o
    0x20000054   0x0800d3c8   0x00000028   Data   RW         4308    .data               music.o
    0x2000007c   0x0800d3f0   0x00000004   Data   RW         4413    .data               systick.o
    0x20000080   0x0800d3f4   0x00000002   Data   RW         4443    .data               usart.o
    0x20000082   0x0800d3f6   0x00000002   PAD
    0x20000084   0x0800d3f8   0x00000004   Data   RW         4818    .data               mc_w.l(stdout.o)
    0x20000088   0x0800d3fc   0x00000004   Data   RW         4832    .data               mc_w.l(errno.o)
    0x2000008c        -       0x00000034   Zero   RW           24    .bss                main.o
    0x200000c0        -       0x0000000a   Zero   RW         3989    .bss                rtc.o
    0x200000ca        -       0x0000004b   Zero   RW         4064    .bss                ws2812.o
    0x20000115        -       0x000004b0   Zero   RW         4224    .bss                usart3.o
    0x200005c5        -       0x000000c8   Zero   RW         4442    .bss                usart.o
    0x2000068d   0x0800d400   0x00000003   PAD
    0x20000690        -       0x00000400   Zero   RW          396    STACK               startup_stm32f10x_hd.o


==============================================================================

Image component sizes


      Code (inc. data)   RO Data    RW Data    ZI Data      Debug   Object Name

       240         42          0          5          0       1809   beep.o
       450         38          0          0          0       4625   dht11.o
       568         86          0          0          0       2435   hc05.o
       300         24          0          5          0       2004   hwjs.o
       220         20          0          1          0       1134   key.o
        76          8          0          0          0        483   led.o
       272         16          0          0          0       1668   lsens.o
     12820       3600         76         33         52     291767   main.o
       172         22          0          0          0       2221   misc.o
      1544        588        709         40          0       7935   music.o
       160         14          0          0          0        732   pwm.o
        92          0         92          0          0       1343   rgb_display.o
       914         42         24          4         10       5481   rtc.o
        36          8        304          0       1024        844   startup_stm32f10x_hd.o
       486         24          0          0          0       9046   stm32f10x_adc.o
        72         10          0          0          0       2848   stm32f10x_bkp.o
       160         12          0          0          0       1621   stm32f10x_exti.o
       282          6          0          0          0       1941   stm32f10x_fsmc.o
       512         10          0          0          0       5372   stm32f10x_gpio.o
        26          0          0          0          0       3794   stm32f10x_it.o
        12          6          0          0          0        546   stm32f10x_pwr.o
       524         76          0         20          0       9344   stm32f10x_rcc.o
       260         48          0          0          0       5520   stm32f10x_rtc.o
       654         62          0          0          0       9416   stm32f10x_tim.o
       616         28          0          0          0       7710   stm32f10x_usart.o
       328         28          0          0          0       1929   system_stm32f10x.o
       212         16          0          4          0       1717   systick.o
      1870        104      18712         12          0      12732   tftlcd.o
       196         26          0          0          0       1544   time.o
       348         28          0          2        200       2336   usart.o
       400         44          0          2       1200       3214   usart3.o
      1292        272        133          0         75       8741   ws2812.o

    ----------------------------------------------------------------------
     26164       5308      20088        132       2564     413852   Object Totals
         0          0         32          0          0          0   (incl. Generated)
        50          0          6          4          3          0   (incl. Padding)

    ----------------------------------------------------------------------

      Code (inc. data)   RO Data    RW Data    ZI Data      Debug   Library Member Name

       156          8          0          0          0        104   cos.o
       252         22         48          0          0        124   cos_i.o
        34          6          0          0          0        204   dunder.o
        40          0          0          0          0         68   fpclassify.o
       170          0          0          0          0         96   poly.o
       904         76        200          0          0        140   rred.o
       160         10          0          0          0        108   sin.o
       236         12         40          0          0        128   sin_i.o
        28          0          0          0          0         68   _chval.o
       158          0          0          0          0         92   _strtoul.o
        26          0          0          0          0         80   atoi.o
         8          4        133          0          0         68   ctype_o.o
         0          0          0          0          0          0   entry.o
         0          0          0          0          0          0   entry10a.o
         0          0          0          0          0          0   entry11a.o
         8          4          0          0          0          0   entry2.o
         4          0          0          0          0          0   entry5.o
         0          0          0          0          0          0   entry7b.o
         0          0          0          0          0          0   entry8b.o
         8          4          0          0          0          0   entry9a.o
        20         10          0          4          0        136   errno.o
        30          0          0          0          0          0   handlers.o
        36          8          0          0          0         68   init.o
         0          0          0          0          0          0   iusefp.o
        30          0          0          0          0         68   llshl.o
        36          0          0          0          0         68   llsshr.o
        32          0          0          0          0         68   llushr.o
        36          0          0          0          0         68   memcpya.o
      1204         60          0          0          0        504   printf8.o
      2272         86          0          0          0        516   printfa.o
         0          0          0          4          0          0   stdout.o
        28          0          0          0          0         76   strcmp.o
        14          0          0          0          0         68   strlen.o
        30          0          0          0          0         80   strncmp.o
       112          0          0          0          0         88   strtol.o
        44          0          0          0          0         80   uidiv.o
        98          0          0          0          0         92   uldiv.o
        48          0          0          0          0         68   cdrcmple.o
       334          0          0          0          0        148   dadd.o
       222          0          0          0          0        100   ddiv.o
       186          0          0          0          0        176   depilogue.o
        62          0          0          0          0         80   dfixi.o
        48          0          0          0          0         68   dfixul.o
        34          0          0          0          0         76   dflti.o
        26          0          0          0          0         76   dfltui.o
       228          0          0          0          0         96   dmul.o
        46          0          0          0          0         80   dscalb.o

    ----------------------------------------------------------------------
      7456        310        424          8          0       4228   Library Totals
         8          0          3          0          0          0   (incl. Padding)

    ----------------------------------------------------------------------

      Code (inc. data)   RO Data    RW Data    ZI Data      Debug   Library Name

      1952        134        288          0          0        972   m_ws.l
      4262        176        133          8          0       2288   mc_w.l
      1234          0          0          0          0        968   mf_w.l

    ----------------------------------------------------------------------
      7456        310        424          8          0       4228   Library Totals

    ----------------------------------------------------------------------

==============================================================================


      Code (inc. data)   RO Data    RW Data    ZI Data      Debug   

     33620       5618      20512        140       2564     406272   Grand Totals
     33620       5618      20512        140       2564     406272   ELF Image Totals
     33620       5618      20512        140          0          0   ROM Totals

==============================================================================

    Total RO  Size (Code + RO Data)                54132 (  52.86kB)
    Total RW  Size (RW Data + ZI Data)              2704 (   2.64kB)
    Total ROM Size (Code + RO Data + RW Data)      54272 (  53.00kB)

==============================================================================

