<html>
<body>
<pre>
<h1>µVision Build Log</h1>
<h2>Tool Versions:</h2>
IDE-Version: ¦ÌVision V5.28.0.0
Copyright (C) 2019 ARM Ltd and ARM Germany GmbH. All rights reserved.
License Information: YJ G, WHU, LIC=JL28G-VGAAL-II25V-PAX9M-H8EHV-QWF1M
 
Tool Versions:
Toolchain:       MDK-ARM Plus  Version: 5.28.0.0
Toolchain Path:  D:\app\SummerLearning\Keil5\ARM\ARMCC\Bin
C Compiler:      Armcc.exe V5.06 update 6 (build 750)
Assembler:       Armasm.exe V5.06 update 6 (build 750)
Linker/Locator:  ArmLink.exe V5.06 update 6 (build 750)
Library Manager: ArmAr.exe V5.06 update 6 (build 750)
Hex Converter:   FromElf.exe V5.06 update 6 (build 750)
CPU DLL:         SARMCM3.DLL V5.28.0.0
Dialog DLL:      DCM.DLL V1.17.3.0
Target DLL:      CMSIS_AGDI.dll V1.31.18.0
Dialog DLL:      TCM.DLL V1.36.2.0
 
<h2>Project:</h2>
D:\HuaweiMoveData\Users\11529\Desktop\Learning\Final\InnoProject\Template.uvprojx
Project File Date:  07/10/2025

<h2>Output:</h2>
*** Using Compiler 'V5.06 update 6 (build 750)', folder: 'D:\app\SummerLearning\Keil5\ARM\ARMCC\Bin'
Rebuild target 'Target 1'
compiling main.c...
User\../APP/beep/music.h(85): warning:  #1-D: last line of file ends without a newline
  #endif
User\../APP/ws2812/rgb_display.h(16): warning:  #1-D: last line of file ends without a newline
  #endif
User\main.c(849): warning:  #186-D: pointless comparison of unsigned integer with zero
  				if (beep_setting_seconds < 0)
User\main.c(1484): warning:  #1-D: last line of file ends without a newline
  }
User\main.c(996): warning:  #177-D: variable "buf"  was declared but never referenced
  	char buf[32]; // æ˜¾ç¤ºç¼“å†²åŒ?
User\main.c: 5 warnings, 0 errors
compiling stm32f10x_adc.c...
assembling startup_stm32f10x_hd.s...
compiling misc.c...
compiling stm32f10x_it.c...
compiling stm32f10x_usart.c...
compiling stm32f10x_pwr.c...
compiling stm32f10x_exti.c...
compiling stm32f10x_rcc.c...
compiling stm32f10x_bkp.c...
compiling stm32f10x_tim.c...
compiling stm32f10x_gpio.c...
compiling stm32f10x_iwdg.c...
compiling stm32f10x_wwdg.c...
compiling stm32f10x_cec.c...
compiling stm32f10x_can.c...
compiling stm32f10x_crc.c...
compiling stm32f10x_dac.c...
compiling stm32f10x_dbgmcu.c...
compiling stm32f10x_dma.c...
compiling stm32f10x_flash.c...
compiling stm32f10x_fsmc.c...
compiling stm32f10x_i2c.c...
compiling stm32f10x_rtc.c...
compiling stm32f10x_sdio.c...
compiling stm32f10x_spi.c...
compiling led.c...
compiling system_stm32f10x.c...
compiling lsens.c...
compiling bk_image.c...
APP\tftlcd\bk_image.h(9): warning:  #1-D: last line of file ends without a newline
  #endif
APP\tftlcd\bk_image.c: 1 warning, 0 errors
compiling tftlcd.c...
APP\tftlcd\tftlcd.c(1116): warning:  #177-D: variable "g"  was declared but never referenced
   	u16 r=0,g=0,b=0;
APP\tftlcd\tftlcd.c(1116): warning:  #177-D: variable "b"  was declared but never referenced
   	u16 r=0,g=0,b=0;
APP\tftlcd\tftlcd.c(1117): warning:  #177-D: variable "r1"  was declared but never referenced
  	u16 r1,r2,r3;
APP\tftlcd\tftlcd.c(1117): warning:  #177-D: variable "r2"  was declared but never referenced
  	u16 r1,r2,r3;
APP\tftlcd\tftlcd.c(1117): warning:  #177-D: variable "r3"  was declared but never referenced
  	u16 r1,r2,r3;
APP\tftlcd\tftlcd.c(1118): warning:  #177-D: variable "value"  was declared but never referenced
  	u32 value;
APP\tftlcd\tftlcd.c(4238): warning:  #550-D: variable "num"  was set but never used
  	long tmp=0,num=0;
APP\tftlcd\tftlcd.c: 7 warnings, 0 errors
compiling beep.c...
APP\beep\music.h(85): warning:  #1-D: last line of file ends without a newline
  #endif
APP\beep\beep.c: 1 warning, 0 errors
compiling oled.c...
compiling dht11.c...
compiling hwjs.c...
compiling key.c...
compiling core_cm3.c...
compiling pwm.c...
compiling rtc.c...
compiling ws2812.c...
APP\ws2812\ws2812.c(468): warning:  #223-D: function "printf" declared implicitly
  	printf("Displaying test pattern\r\n");
APP\ws2812\ws2812.c(465): warning:  #177-D: variable "j"  was declared but never referenced
  	u8 i, j;
APP\ws2812\ws2812.c(489): warning:  #223-D: function "printf" declared implicitly
  	printf("Displaying number %d with rainbow colors (original position)\r\n", num);
APP\ws2812\ws2812.c: 3 warnings, 0 errors
compiling hc05.c...
APP\hc05\hc05.c(155): warning:  #1-D: last line of file ends without a newline
  }
APP\hc05\hc05.c: 1 warning, 0 errors
compiling time.c...
compiling usart3.c...
compiling system.c...
compiling SysTick.c...
compiling music.c...
APP\beep\music.h(85): warning:  #1-D: last line of file ends without a newline
  #endif
APP\beep\music.c(368): warning:  #223-D: function "printf" declared implicitly
          printf("Playing song: %s\r\n", song_names[song_index]);
APP\beep\music.c(384): warning:  #223-D: function "printf" declared implicitly
      printf("Music stopped\r\n");
APP\beep\music.c(399): warning:  #223-D: function "printf" declared implicitly
          printf("Music paused\r\n");
APP\beep\music.c(428): warning:  #223-D: function "printf" declared implicitly
          printf("Music resumed\r\n");
APP\beep\music.c(442): warning:  #223-D: function "printf" declared implicitly
      printf("Next song: %s\r\n", song_names[next_song]);
APP\beep\music.c(455): warning:  #223-D: function "printf" declared implicitly
      printf("Previous song: %s\r\n", song_names[prev_song]);
APP\beep\music.c(482): warning:  #223-D: function "printf" declared implicitly
                  printf("Note %d/%d completed\r\n", current_note, song_lengths[current_song]);
APP\beep\music.c(557): warning:  #223-D: function "printf" declared implicitly
      printf("Playing Lanhua Grass (New Format)\r\n");
APP\beep\music.c(595): warning:  #223-D: function "printf" declared implicitly
                          printf("Lanhua Grass (New Format) completed\r\n");
APP\beep\music.c(607): warning:  #223-D: function "printf" declared implicitly
                          printf("Rest note\r\n");
APP\beep\music.c(619): warning:  #223-D: function "printf" declared implicitly
                              printf("Playing tone: %d Hz (index %d)\r\n", freq, tone_index);
APP\beep\music.c(626): warning:  #223-D: function "printf" declared implicitly
                      printf("Lanhua Grass (New Format) finished\r\n");
APP\beep\music.c(636): warning:  #1-D: last line of file ends without a newline
  }
APP\beep\music.c: 14 warnings, 0 errors
compiling rgb_display.c...
APP\ws2812\rgb_display.c(90): warning:  #1-D: last line of file ends without a newline
  }
APP\ws2812\rgb_display.c: 1 warning, 0 errors
compiling usart.c...
linking...
Program Size: Code=33620 RO-data=20512 RW-data=140 ZI-data=2564  
FromELF: creating hex file...
".\Obj\Template.axf" - 0 Error(s), 33 Warning(s).

<h2>Software Packages used:</h2>

Package Vendor: Keil
                https://www.keil.com/pack/Keil.STM32F1xx_DFP.2.4.1.pack
                Keil.STM32F1xx_DFP.2.4.1
                STMicroelectronics STM32F1 Series Device Support, Drivers and Examples

<h2>Collection of Component include folders:</h2>
  .\RTE\_Target_1
  D:\app\SummerLearning\Keil5packs\Keil\STM32F1xx_DFP\2.4.1\Device\Include

<h2>Collection of Component Files used:</h2>
Build Time Elapsed:  00:00:07
</pre>
</body>
</html>
